<html>
<body>
<pre>
<h1>µVision Build Log</h1>
<h2>Tool Versions:</h2>
IDE-Version: ¶ÃVision V5.26.2.0
Copyright (C) 2018 ARM Ltd and ARM Germany GmbH. All rights reserved.
License Information: chen chenche, HP Inc., LIC=LSNXV-PGHZX-BSCYX-HG0E0-RB7KB-4LEEK
 
Tool Versions:
Toolchain:       MDK-ARM Plus  Version: 5.26.2.0
Toolchain Path:  C:\Keil_v5\ARM\ARM_5.06u7\Bin
C Compiler:      Armcc.exe V5.06 update 7 (build 960)
Assembler:       Armasm.exe V5.06 update 7 (build 960)
Linker/Locator:  ArmLink.exe V5.06 update 7 (build 960)
Library Manager: ArmAr.exe V5.06 update 7 (build 960)
Hex Converter:   FromElf.exe V5.06 update 7 (build 960)
CPU DLL:         SARMCM3.DLL V5.26.2.0
Dialog DLL:      DCM.DLL V1.17.2.0
Target DLL:      Segger\JL2CM3.dll V2.99.31.0
Dialog DLL:      TCM.DLL V1.36.1.0
 
<h2>Project:</h2>
C:\STM32\project\38.LVGLœ‘ æimg\USER\pro.uvprojx
Project File Date:  11/29/2025

<h2>Output:</h2>
*** Using Compiler 'V5.06 update 7 (build 960)', folder: 'C:\Keil_v5\ARM\ARM_5.06u7\Bin'
Rebuild target 'pro'
assembling startup_stm32f40_41xxx.s...
compiling stm32f4xx_fsmc.c...
compiling stm32f4xx_usart.c...
compiling delay.c...
compiling usart.c...
compiling led.c...
compiling gt9147.c...
compiling misc.c...
compiling stm32f4xx_gpio.c...
compiling stm32f4xx_rcc.c...
compiling ott2001a.c...
compiling ft5206.c...
compiling touch.c...
..\HARDWARE\TOUCH\touch.c(464): warning:  #223-D: function "delay_s" declared implicitly
  					delay_s(1);
..\HARDWARE\TOUCH\touch.c: 1 warning, 0 errors
compiling lcd.c...
compiling ctiic.c...
compiling lv_event.c...
..\LVGL\lvgl\src\core\lv_event.c(120): warning:  #188-D: enumerated type mixed with another type
      return e->code & ~LV_EVENT_PREPROCESS;
..\LVGL\lvgl\src\core\lv_event.c: 1 warning, 0 errors
compiling lv_disp.c...
compiling lv_group.c...
compiling dht11.c...
compiling lv_obj_class.c...
compiling lv_indev_scroll.c...
compiling lv_indev.c...
compiling lv_obj_draw.c...
..\LVGL\lvgl\src\core\lv_obj_draw.c(400): warning:  #188-D: enumerated type mixed with another type
      if(obj->spec_attr) return obj->spec_attr->layer_type;
..\LVGL\lvgl\src\core\lv_obj_draw.c: 1 warning, 0 errors
compiling system_stm32f4xx.c...
compiling stm32f4xx_it.c...
compiling lv_obj.c...
compiling lv_obj_tree.c...
compiling lv_obj_style.c...
compiling lv_obj_pos.c...
compiling lv_obj_style_gen.c...
compiling lv_obj_scroll.c...
compiling lv_draw.c...
compiling lv_draw_arc.c...
compiling lv_refr.c...
compiling lv_theme.c...
compiling lv_draw_img.c...
compiling lv_draw_layer.c...
compiling lv_draw_line.c...
compiling lv_draw_label.c...
compiling lv_draw_rect.c...
compiling lv_draw_transform.c...
compiling lv_draw_triangle.c...
compiling main.c...
compiling lv_img_buf.c...
compiling lv_img_cache.c...
compiling lv_draw_mask.c...
compiling lv_draw_sw.c...
compiling lv_img_decoder.c...
compiling lv_draw_sw_dither.c...
compiling lv_draw_sw_arc.c...
compiling lv_draw_sw_gradient.c...
compiling lv_draw_sw_blend.c...
compiling lv_draw_sw_img.c...
compiling lv_draw_sw_layer.c...
compiling lv_draw_sw_letter.c...
compiling lv_draw_sw_polygon.c...
compiling lv_draw_sw_line.c...
compiling lv_draw_sw_transform.c...
compiling lv_flex.c...
compiling lv_draw_sw_rect.c...
..\LVGL\lvgl\src\draw\sw\lv_draw_sw_rect.c(239): warning:  #546-D: transfer of control bypasses initialization of:
            variable "mask_any_center"  (declared at line 286)
          goto bg_clean_up;
          ^
..\LVGL\lvgl\src\draw\sw\lv_draw_sw_rect.c: 1 warning, 0 errors
compiling lv_grid.c...
..\LVGL\lvgl\src\extra\layouts\grid\lv_grid.c(591): warning:  #188-D: enumerated type mixed with another type
      lv_grid_align_t col_align = get_cell_col_align(item);
..\LVGL\lvgl\src\extra\layouts\grid\lv_grid.c(592): warning:  #188-D: enumerated type mixed with another type
      lv_grid_align_t row_align = get_cell_row_align(item);
..\LVGL\lvgl\src\extra\layouts\grid\lv_grid.c: 2 warnings, 0 errors
compiling lv_calendar_header_arrow.c...
compiling lv_theme_basic.c...
compiling lv_calendar_header_dropdown.c...
compiling lv_animimg.c...
compiling lv_theme_mono.c...
compiling lv_calendar.c...
compiling lv_theme_default.c...
..\LVGL\lvgl\src\extra\themes\default\lv_theme_default.c(213): warning:  #188-D: enumerated type mixed with another type
..\LVGL\lvgl\src\extra\themes\default\lv_theme_default.c: 1 warning, 0 errors
compiling lv_keyboard.c...
compiling lv_imgbtn.c...
compiling lv_colorwheel.c...
compiling lv_list.c...
compiling lv_led.c...
compiling lv_menu.c...
compiling lv_chart.c...
compiling lv_msgbox.c...
compiling lv_meter.c...
compiling lv_tileview.c...
compiling lv_font.c...
compiling lv_spinner.c...
compiling lv_spinbox.c...
compiling lv_span.c...
..\LVGL\lvgl\src\extra\widgets\span\lv_span.c(901): warning:  #546-D: transfer of control bypasses initialization of:
            variable "align"  (declared at line 905)
              goto Next_line_init;
              ^
..\LVGL\lvgl\src\extra\widgets\span\lv_span.c: 1 warning, 0 errors
compiling lv_tabview.c...
compiling lv_font_fmt_txt.c...
..\LVGL\lvgl\src\font\lv_font_fmt_txt.c(137): warning:  #111-D: statement is unreachable
      return NULL;
..\LVGL\lvgl\src\font\lv_font_fmt_txt.c: 1 warning, 0 errors
compiling lv_win.c...
compiling lv_extra.c...
compiling lv_font_dejavu_16_persian_hebrew.c...
compiling lv_font_montserrat_8.c...
compiling lv_font_loader.c...
compiling lv_font_montserrat_10.c...
compiling lv_font_montserrat_12.c...
compiling lv_font_montserrat_12_subpx.c...
compiling lv_font_montserrat_16.c...
compiling lv_font_montserrat_14.c...
compiling lv_font_montserrat_18.c...
compiling lv_font_montserrat_20.c...
compiling lv_font_montserrat_22.c...
compiling lv_font_montserrat_24.c...
compiling lv_font_montserrat_26.c...
compiling lv_font_montserrat_28_compressed.c...
compiling lv_font_montserrat_28.c...
compiling lv_font_montserrat_30.c...
compiling lv_font_montserrat_32.c...
compiling lv_font_montserrat_36.c...
compiling lv_font_montserrat_34.c...
compiling lv_font_montserrat_38.c...
compiling lv_font_montserrat_40.c...
compiling lv_font_montserrat_42.c...
compiling lv_font_montserrat_44.c...
compiling lv_font_montserrat_48.c...
compiling lv_font_montserrat_46.c...
compiling lv_hal_tick.c...
compiling lv_font_unscii_8.c...
compiling lv_font_simsun_16_cjk.c...
compiling lv_font_unscii_16.c...
compiling lv_hal_indev.c...
compiling lv_anim_timeline.c...
compiling lv_anim.c...
compiling lv_hal_disp.c...
..\LVGL\lvgl\src\hal\lv_hal_disp.c(572): warning:  #188-D: enumerated type mixed with another type
      return disp->driver->rotated;
..\LVGL\lvgl\src\hal\lv_hal_disp.c: 1 warning, 0 errors
compiling lv_async.c...
compiling lv_area.c...
compiling lv_bidi.c...
compiling lv_color.c...
compiling lv_gc.c...
compiling lv_log.c...
compiling lv_ll.c...
compiling lv_fs.c...
compiling lv_lru.c...
..\LVGL\lvgl\src\misc\lv_lru.c(241): warning:  #68-D: integer conversion resulted in a change of sign
      uint32_t i = 0, min_index = -1;
..\LVGL\lvgl\src\misc\lv_lru.c(242): warning:  #68-D: integer conversion resulted in a change of sign
      uint64_t min_access_count = -1;
..\LVGL\lvgl\src\misc\lv_lru.c: 2 warnings, 0 errors
compiling lv_math.c...
compiling lv_mem.c...
..\LVGL\lvgl\src\misc\lv_mem.c(325): warning:  #111-D: statement is unreachable
      return NULL;
..\LVGL\lvgl\src\misc\lv_mem.c: 1 warning, 0 errors
compiling lv_printf.c...
compiling lv_style.c...
..\LVGL\lvgl\src\misc\lv_style.c(213): warning:  #188-D: enumerated type mixed with another type
      return last_custom_prop_id;
..\LVGL\lvgl\src\misc\lv_style.c(218): warning:  #188-D: enumerated type mixed with another type
      return last_custom_prop_id - _LV_STYLE_LAST_BUILT_IN_PROP;
..\LVGL\lvgl\src\misc\lv_style.c(289): warning:  #188-D: enumerated type mixed with another type
      lv_style_set_prop_internal(style, prop | meta, null_style_value, lv_style_set_prop_meta_helper);
..\LVGL\lvgl\src\misc\lv_style.c: 3 warnings, 0 errors
compiling lv_templ.c...
compiling lv_style_gen.c...
compiling lv_timer.c...
compiling lv_utils.c...
compiling lv_tlsf.c...
..\LVGL\lvgl\src\misc\lv_tlsf.c(898): warning:  #68-D: integer conversion resulted in a change of sign
          offset_to_block(pool, -(int)block_header_overhead);
..\LVGL\lvgl\src\misc\lv_tlsf.c(1000): warning:  #68-D: integer conversion resulted in a change of sign
      block = offset_to_block(mem, -(tlsfptr_t)block_header_overhead);
..\LVGL\lvgl\src\misc\lv_tlsf.c(1018): warning:  #68-D: integer conversion resulted in a change of sign
      block_header_t * block = offset_to_block(pool, -(int)block_header_overhead);
..\LVGL\lvgl\src\misc\lv_tlsf.c: 3 warnings, 0 errors
compiling lv_txt_ap.c...
compiling lv_txt.c...
compiling lv_arc.c...
compiling lv_btn.c...
compiling lv_bar.c...
compiling lv_btnmatrix.c...
compiling lv_canvas.c...
compiling lv_checkbox.c...
compiling lv_line.c...
compiling lv_objx_templ.c...
compiling lv_img.c...
compiling lv_dropdown.c...
compiling lv_label.c...
compiling lv_roller.c...
compiling lv_port_fs.c...
compiling lv_switch.c...
compiling lv_slider.c...
compiling lv_textarea.c...
compiling lv_table.c...
compiling heap_4.c...
compiling list.c...
compiling queue.c...
compiling port.c...
compiling tasks.c...
compiling 1.c...
compiling lv_port_disp.c...
..\LVGL\lvgl\porting\lv_port_disp.c(20): warning:  #1215-D: #warning directive: Please define or replace the macro MY_DISP_HOR_RES with the actual screen width, default value 320 is used for now.
      #warning Please define or replace the macro MY_DISP_HOR_RES with the actual screen width, default value 320 is used for now.
..\LVGL\lvgl\porting\lv_port_disp.c(25): warning:  #1215-D: #warning directive: Please define or replace the macro MY_DISP_HOR_RES with the actual screen height, default value 240 is used for now.
      #warning Please define or replace the macro MY_DISP_HOR_RES with the actual screen height, default value 240 is used for now.
..\LVGL\lvgl\porting\lv_port_disp.c: 2 warnings, 0 errors
compiling lv_port_indev.c...
..\LVGL\lvgl\porting\lv_port_indev.c(164): warning:  #177-D: function "mouse_init"  was declared but never referenced
  static void mouse_init(void)
..\LVGL\lvgl\porting\lv_port_indev.c(170): warning:  #177-D: function "mouse_read"  was declared but never referenced
  static void mouse_read(lv_indev_drv_t * indev_drv, lv_indev_data_t * data)
..\LVGL\lvgl\porting\lv_port_indev.c(206): warning:  #177-D: function "keypad_init"  was declared but never referenced
  static void keypad_init(void)
..\LVGL\lvgl\porting\lv_port_indev.c(212): warning:  #177-D: function "keypad_read"  was declared but never referenced
  static void keypad_read(lv_indev_drv_t * indev_drv, lv_indev_data_t * data)
..\LVGL\lvgl\porting\lv_port_indev.c(265): warning:  #177-D: function "encoder_init"  was declared but never referenced
  static void encoder_init(void)
..\LVGL\lvgl\porting\lv_port_indev.c(271): warning:  #177-D: function "encoder_read"  was declared but never referenced
  static void encoder_read(lv_indev_drv_t * indev_drv, lv_indev_data_t * data)
..\LVGL\lvgl\porting\lv_port_indev.c(279): warning:  #177-D: function "encoder_handler"  was declared but never referenced
  static void encoder_handler(void)
..\LVGL\lvgl\porting\lv_port_indev.c(292): warning:  #177-D: function "button_init"  was declared but never referenced
  static void button_init(void)
..\LVGL\lvgl\porting\lv_port_indev.c(298): warning:  #177-D: function "button_read"  was declared but never referenced
  static void button_read(lv_indev_drv_t * indev_drv, lv_indev_data_t * data)
..\LVGL\lvgl\porting\lv_port_indev.c: 9 warnings, 0 errors
linking...
Program Size: Code=208636 RO-data=44972 RW-data=804 ZI-data=107376  
FromELF: creating hex file...
"..\OBJ\pro.axf" - 0 Error(s), 30 Warning(s).

<h2>Software Packages used:</h2>

Package Vendor: Keil
                http://www.keil.com/pack/Keil.STM32F4xx_DFP.2.15.0.pack
                Keil.STM32F4xx_DFP.2.15.0
                STMicroelectronics STM32F4 Series Device Support, Drivers and Examples

<h2>Collection of Component include folders:</h2>
  .\RTE\_pro
  C:\Keil_v5\ARM\PACK\Keil\STM32F4xx_DFP\2.15.0\Drivers\CMSIS\Device\ST\STM32F4xx\Include

<h2>Collection of Component Files used:</h2>
Build Time Elapsed:  00:00:06
</pre>
</body>
</html>
