Component: ARM Compiler 5.06 update 7 (build 960) Tool: armlink [4d3601]

==============================================================================

Section Cross References

    startup_stm32f103xb.o(STACK) refers (Special) to heapauxi.o(.text) for __use_two_region_memory
    startup_stm32f103xb.o(HEAP) refers (Special) to heapauxi.o(.text) for __use_two_region_memory
    startup_stm32f103xb.o(RESET) refers (Special) to heapauxi.o(.text) for __use_two_region_memory
    startup_stm32f103xb.o(RESET) refers to startup_stm32f103xb.o(STACK) for __initial_sp
    startup_stm32f103xb.o(RESET) refers to startup_stm32f103xb.o(.text) for Reset_Handler
    startup_stm32f103xb.o(RESET) refers to stm32f1xx_it.o(i.NMI_Handler) for NMI_Handler
    startup_stm32f103xb.o(RESET) refers to stm32f1xx_it.o(i.HardFault_Handler) for HardFault_Handler
    startup_stm32f103xb.o(RESET) refers to stm32f1xx_it.o(i.MemManage_Handler) for MemManage_Handler
    startup_stm32f103xb.o(RESET) refers to stm32f1xx_it.o(i.BusFault_Handler) for BusFault_Handler
    startup_stm32f103xb.o(RESET) refers to stm32f1xx_it.o(i.UsageFault_Handler) for UsageFault_Handler
    startup_stm32f103xb.o(RESET) refers to port.o(.emb_text) for SVC_Handler
    startup_stm32f103xb.o(RESET) refers to stm32f1xx_it.o(i.DebugMon_Handler) for DebugMon_Handler
    startup_stm32f103xb.o(RESET) refers to cmsis_os2.o(i.SysTick_Handler) for SysTick_Handler
    startup_stm32f103xb.o(RESET) refers to stm32f1xx_it.o(i.TIM1_UP_IRQHandler) for TIM1_UP_IRQHandler
    startup_stm32f103xb.o(RESET) refers to stm32f1xx_it.o(i.USART1_IRQHandler) for USART1_IRQHandler
    startup_stm32f103xb.o(RESET) refers to stm32f1xx_it.o(i.USART2_IRQHandler) for USART2_IRQHandler
    startup_stm32f103xb.o(.text) refers (Special) to heapauxi.o(.text) for __use_two_region_memory
    startup_stm32f103xb.o(.text) refers to system_stm32f1xx.o(i.SystemInit) for SystemInit
    startup_stm32f103xb.o(.text) refers to __main.o(!!!main) for __main
    startup_stm32f103xb.o(.text) refers to startup_stm32f103xb.o(HEAP) for Heap_Mem
    startup_stm32f103xb.o(.text) refers to startup_stm32f103xb.o(STACK) for Stack_Mem
    main.o(i.HAL_TIM_PeriodElapsedCallback) refers to stm32f1xx_hal.o(i.HAL_IncTick) for HAL_IncTick
    main.o(i.SystemClock_Config) refers to rt_memclr_w.o(.text) for __aeabi_memclr4
    main.o(i.SystemClock_Config) refers to stm32f1xx_hal_rcc.o(i.HAL_RCC_OscConfig) for HAL_RCC_OscConfig
    main.o(i.SystemClock_Config) refers to stm32f1xx_hal_rcc.o(i.HAL_RCC_ClockConfig) for HAL_RCC_ClockConfig
    main.o(i.main) refers to stm32f1xx_hal.o(i.HAL_Init) for HAL_Init
    main.o(i.main) refers to main.o(i.SystemClock_Config) for SystemClock_Config
    main.o(i.main) refers to gpio.o(i.MX_GPIO_Init) for MX_GPIO_Init
    main.o(i.main) refers to usart.o(i.MX_USART1_UART_Init) for MX_USART1_UART_Init
    main.o(i.main) refers to usart.o(i.MX_USART2_UART_Init) for MX_USART2_UART_Init
    main.o(i.main) refers to ds1302.o(i.ds1032_init) for ds1032_init
    main.o(i.main) refers to ds1302.o(i.update_time) for update_time
    main.o(i.main) refers to show.o(i.init_show) for init_show
    main.o(i.main) refers to stm32f1xx_hal_uart.o(i.HAL_UART_Receive_IT) for HAL_UART_Receive_IT
    main.o(i.main) refers to stm32f1xx_hal.o(i.HAL_Delay) for HAL_Delay
    main.o(i.main) refers to noretval__2sprintf.o(.text) for __2sprintf
    main.o(i.main) refers to strlen.o(.text) for strlen
    main.o(i.main) refers to stm32f1xx_hal_uart.o(i.HAL_UART_Transmit) for HAL_UART_Transmit
    main.o(i.main) refers to ds1302.o(i.ds1032_read_realTime) for ds1032_read_realTime
    main.o(i.main) refers to cmsis_os2.o(i.osKernelInitialize) for osKernelInitialize
    main.o(i.main) refers to freertos.o(i.MX_FREERTOS_Init) for MX_FREERTOS_Init
    main.o(i.main) refers to cmsis_os2.o(i.osKernelStart) for osKernelStart
    main.o(i.main) refers to myuart.o(.data) for rxdat
    main.o(i.main) refers to usart.o(.bss) for huart2
    main.o(i.main) refers to myuart.o(.bss) for Text
    main.o(i.main) refers to ds1302.o(.data) for Time_now
    main.o(i.main) refers to ds1302.o(.bss) for event_power
    main.o(i.main) refers to ds1302.o(.data) for Time_haidilao
    gpio.o(i.MX_GPIO_Init) refers to stm32f1xx_hal_gpio.o(i.HAL_GPIO_WritePin) for HAL_GPIO_WritePin
    gpio.o(i.MX_GPIO_Init) refers to stm32f1xx_hal_gpio.o(i.HAL_GPIO_Init) for HAL_GPIO_Init
    freertos.o(i.MX_FREERTOS_Init) refers to queue.o(i.xQueueCreateCountingSemaphore) for xQueueCreateCountingSemaphore
    freertos.o(i.MX_FREERTOS_Init) refers to queue.o(i.xQueueGenericCreate) for xQueueGenericCreate
    freertos.o(i.MX_FREERTOS_Init) refers to tasks.o(i.xTaskCreate) for xTaskCreate
    freertos.o(i.MX_FREERTOS_Init) refers to freertos.o(.data) for .data
    freertos.o(i.MX_FREERTOS_Init) refers to freertos.o(i.ShowTask) for ShowTask
    freertos.o(i.MX_FREERTOS_Init) refers to freertos.o(i.ReadTask) for ReadTask
[...]
    i.vListInitialiseItem                    0x08003f6e   Section        0  list.o(i.vListInitialiseItem)
    i.vListInsert                            0x08003f74   Section        0  list.o(i.vListInsert)
    i.vListInsertEnd                         0x08003fa4   Section        0  list.o(i.vListInsertEnd)
    i.vPortEnterCritical                     0x08003fbc   Section        0  port.o(i.vPortEnterCritical)
    i.vPortExitCritical                      0x08003ffc   Section        0  port.o(i.vPortExitCritical)
    i.vPortFree                              0x08004024   Section        0  heap_4.o(i.vPortFree)
    i.vPortSetupTimerInterrupt               0x08004088   Section        0  port.o(i.vPortSetupTimerInterrupt)
    i.vPortValidateInterruptPriority         0x080040ac   Section        0  port.o(i.vPortValidateInterruptPriority)
    i.vQueueAddToRegistry                    0x08004100   Section        0  queue.o(i.vQueueAddToRegistry)
    i.vQueueWaitForMessageRestricted         0x08004128   Section        0  queue.o(i.vQueueWaitForMessageRestricted)
    i.vTaskDelay                             0x0800416c   Section        0  tasks.o(i.vTaskDelay)
    i.vTaskInternalSetTimeOutState           0x080041b8   Section        0  tasks.o(i.vTaskInternalSetTimeOutState)
    i.vTaskMissedYield                       0x080041c8   Section        0  tasks.o(i.vTaskMissedYield)
    i.vTaskPlaceOnEventList                  0x080041d4   Section        0  tasks.o(i.vTaskPlaceOnEventList)
    i.vTaskPlaceOnEventListRestricted        0x08004204   Section        0  tasks.o(i.vTaskPlaceOnEventListRestricted)
    i.vTaskPriorityDisinheritAfterTimeout    0x0800423c   Section        0  tasks.o(i.vTaskPriorityDisinheritAfterTimeout)
    i.vTaskStartScheduler                    0x080042cc   Section        0  tasks.o(i.vTaskStartScheduler)
    i.vTaskSuspendAll                        0x08004354   Section        0  tasks.o(i.vTaskSuspendAll)
    i.vTaskSwitchContext                     0x08004364   Section        0  tasks.o(i.vTaskSwitchContext)
    i.xPortStartScheduler                    0x080043c8   Section        0  port.o(i.xPortStartScheduler)
    i.xPortSysTickHandler                    0x08004470   Section        0  port.o(i.xPortSysTickHandler)
    i.xQueueCreateCountingSemaphore          0x0800449c   Section        0  queue.o(i.xQueueCreateCountingSemaphore)
    i.xQueueGenericCreate                    0x080044d6   Section        0  queue.o(i.xQueueGenericCreate)
    i.xQueueGenericCreateStatic              0x08004518   Section        0  queue.o(i.xQueueGenericCreateStatic)
    i.xQueueGenericReset                     0x08004580   Section        0  queue.o(i.xQueueGenericReset)
    i.xQueueGenericSend                      0x08004608   Section        0  queue.o(i.xQueueGenericSend)
    i.xQueueGenericSendFromISR               0x08004768   Section        0  queue.o(i.xQueueGenericSendFromISR)
    i.xQueueReceive                          0x08004828   Section        0  queue.o(i.xQueueReceive)
    i.xQueueSemaphoreTake                    0x08004960   Section        0  queue.o(i.xQueueSemaphoreTake)
    i.xTaskCheckForTimeOut                   0x08004ad8   Section        0  tasks.o(i.xTaskCheckForTimeOut)
    i.xTaskCreate                            0x08004b4c   Section        0  tasks.o(i.xTaskCreate)
    i.xTaskCreateStatic                      0x08004ba6   Section        0  tasks.o(i.xTaskCreateStatic)
    i.xTaskGetSchedulerState                 0x08004bfc   Section        0  tasks.o(i.xTaskGetSchedulerState)
    i.xTaskGetTickCount                      0x08004c18   Section        0  tasks.o(i.xTaskGetTickCount)
    i.xTaskIncrementTick                     0x08004c24   Section        0  tasks.o(i.xTaskIncrementTick)
    i.xTaskPriorityDisinherit                0x08004cec   Section        0  tasks.o(i.xTaskPriorityDisinherit)
    i.xTaskPriorityInherit                   0x08004d6c   Section        0  tasks.o(i.xTaskPriorityInherit)
    i.xTaskRemoveFromEventList               0x08004de4   Section        0  tasks.o(i.xTaskRemoveFromEventList)
    i.xTaskResumeAll                         0x08004e54   Section        0  tasks.o(i.xTaskResumeAll)
    i.xTimerCreateTimerTask                  0x08004f18   Section        0  timers.o(i.xTimerCreateTimerTask)
    i.xTimerGenericCommand                   0x08004f78   Section        0  timers.o(i.xTimerGenericCommand)
    .constdata                               0x08004fe0   Section       18  stm32f1xx_hal_rcc.o(.constdata)
    aPredivFactorTable                       0x08004fe0   Data           2  stm32f1xx_hal_rcc.o(.constdata)
    aPLLMULFactorTable                       0x08004fe2   Data          16  stm32f1xx_hal_rcc.o(.constdata)
    .constdata                               0x08004ff2   Section       16  system_stm32f1xx.o(.constdata)
    .constdata                               0x08005002   Section        8  system_stm32f1xx.o(.constdata)
    .constdata                               0x0800500c   Section       48  ds1302.o(.constdata)
    .constdata                               0x0800503c   Section     9045  epaper.o(.constdata)
    .constdata                               0x08007391   Section      128  epaper.o(.constdata)
    .constdata                               0x08007411   Section      128  epaper.o(.constdata)
    .constdata                               0x08007491   Section      128  epaper.o(.constdata)
    .constdata                               0x08007511   Section      128  epaper.o(.constdata)
    .constdata                               0x08007591   Section      128  epaper.o(.constdata)
    .constdata                               0x08007611   Section      128  epaper.o(.constdata)
    .constdata                               0x08007691   Section     1760  epaper.o(.constdata)
    .constdata                               0x08007d71   Section     1760  epaper.o(.constdata)
    .constdata                               0x08008451   Section     2400  epaper.o(.constdata)
    .constdata                               0x08008db1   Section     4736  epaper.o(.constdata)
    .constdata                               0x0800a031   Section       17  __printf_flags_wp.o(.constdata)
    maptable                                 0x0800a031   Data          17  __printf_flags_wp.o(.constdata)
    .conststring                             0x0800a044   Section       48  ds1302.o(.conststring)
    .data                                    0x20000000   Section       36  freertos.o(.data)
    .data                                    0x20000024   Section       12  stm32f1xx_hal.o(.data)
    .data                                    0x20000030   Section        4  system_stm32f1xx.o(.data)
    .data                                    0x20000034   Section        8  ds1302.o(.data)
    .data                                    0x2000003c   Section       22  ds1302.o(.data)
    .data                                    0x20000052   Section        8  ds1302.o(.data)
    .data                                    0x2000005a   Section        8  ds1302.o(.data)
    .data                                    0x20000064   Section        4  ds1302.o(.data)
    .data                                    0x20000068   Section        4  ds1302.o(.data)
    .data                                    0x2000006c   Section        4  ds1302.o(.data)
    .data                                    0x20000070   Section        4  ds1302.o(.data)
    .data                                    0x20000074   Section        4  ds1302.o(.data)
    .data                                    0x20000078   Section        4  show.o(.data)
    .data                                    0x2000007c   Section        2  myuart.o(.data)
    .data                                    0x20000080   Section       60  tasks.o(.data)
    uxDeletedTasksWaitingCleanUp             0x20000084   Data           4  tasks.o(.data)
    uxCurrentNumberOfTasks                   0x20000088   Data           4  tasks.o(.data)
    xTickCount                               0x2000008c   Data           4  tasks.o(.data)
    uxTopReadyPriority                       0x20000090   Data           4  tasks.o(.data)
    xSchedulerRunning                        0x20000094   Data           4  tasks.o(.data)
    xPendedTicks                             0x20000098   Data           4  tasks.o(.data)
    xYieldPending                            0x2000009c   Data           4  tasks.o(.data)
    xNumOfOverflows                          0x200000a0   Data           4  tasks.o(.data)
    uxTaskNumber                             0x200000a4   Data           4  tasks.o(.data)
    xNextTaskUnblockTime                     0x200000a8   Data           4  tasks.o(.data)
    xIdleTaskHandle                          0x200000ac   Data           4  tasks.o(.data)
    uxSchedulerSuspended                     0x200000b0   Data           4  tasks.o(.data)
    pxDelayedTaskList                        0x200000b4   Data           4  tasks.o(.data)
    pxOverflowDelayedTaskList                0x200000b8   Data           4  tasks.o(.data)
    .data                                    0x200000bc   Section       20  timers.o(.data)
    xTimerQueue                              0x200000bc   Data           4  timers.o(.data)
    xTimerTaskHandle                         0x200000c0   Data           4  timers.o(.data)
    xLastTime                                0x200000c4   Data           4  timers.o(.data)
    pxCurrentTimerList                       0x200000c8   Data           4  timers.o(.data)
    pxOverflowTimerList                      0x200000cc   Data           4  timers.o(.data)
    .data                                    0x200000d0   Section        4  cmsis_os2.o(.data)
    KernelState                              0x200000d0   Data           4  cmsis_os2.o(.data)
    .data                                    0x200000d4   Section       32  heap_4.o(.data)
    pxEnd                                    0x200000d4   Data           4  heap_4.o(.data)
    xFreeBytesRemaining                      0x200000d8   Data           4  heap_4.o(.data)
    xMinimumEverFreeBytesRemaining           0x200000dc   Data           4  heap_4.o(.data)
    xNumberOfSuccessfulAllocations           0x200000e0   Data           4  heap_4.o(.data)
    xNumberOfSuccessfulFrees                 0x200000e4   Data           4  heap_4.o(.data)
    xBlockAllocatedBit                       0x200000e8   Data           4  heap_4.o(.data)
    xStart                                   0x200000ec   Data           8  heap_4.o(.data)
    .data                                    0x200000f4   Section       12  port.o(.data)
    ucMaxSysCallPriority                     0x200000f4   Data           1  port.o(.data)
    uxCriticalNesting                        0x200000f8   Data           4  port.o(.data)
    ulMaxPRIGROUPValue                       0x200000fc   Data           4  port.o(.data)
    .bss                                     0x20000100   Section      144  usart.o(.bss)
    .bss                                     0x20000190   Section       72  stm32f1xx_hal_timebase_tim.o(.bss)
    .bss                                     0x200001d8   Section       32  ds1302.o(.bss)
    .bss                                     0x200001f8   Section        9  ds1302.o(.bss)
    .bss                                     0x20000201   Section       30  show.o(.bss)
    .bss                                     0x2000021f   Section       30  myuart.o(.bss)
    .bss                                     0x2000023d   Section       30  myuart.o(.bss)
    .bss                                     0x2000025c   Section       64  queue.o(.bss)
    .bss                                     0x2000029c   Section     1220  tasks.o(.bss)
    pxReadyTasksLists                        0x2000029c   Data        1120  tasks.o(.bss)
    xDelayedTaskList1                        0x200006fc   Data          20  tasks.o(.bss)
    xDelayedTaskList2                        0x20000710   Data          20  tasks.o(.bss)
    xPendingReadyList                        0x20000724   Data          20  tasks.o(.bss)
    xTasksWaitingTermination                 0x20000738   Data          20  tasks.o(.bss)
    xSuspendedTaskList                       0x2000074c   Data          20  tasks.o(.bss)
    .bss                                     0x20000760   Section      280  timers.o(.bss)
    xStaticTimerQueue                        0x20000760   Data          80  timers.o(.bss)
    ucStaticTimerQueueStorage                0x200007b0   Data         160  timers.o(.bss)
    xActiveTimerList1                        0x20000850   Data          20  timers.o(.bss)
    xActiveTimerList2                        0x20000864   Data          20  timers.o(.bss)
    .bss                                     0x20000878   Section     1720  cmsis_os2.o(.bss)
    Idle_TCB                                 0x20000878   Data          92  cmsis_os2.o(.bss)
    Idle_Stack                               0x200008d4   Data         512  cmsis_os2.o(.bss)
    Timer_TCB                                0x20000ad4   Data          92  cmsis_os2.o(.bss)
    Timer_Stack                              0x20000b30   Data        1024  cmsis_os2.o(.bss)
    .bss                                     0x20000f30   Section     3072  heap_4.o(.bss)
    ucHeap                                   0x20000f30   Data        3072  heap_4.o(.bss)
    .bss                                     0x20001b30   Section       96  libspace.o(.bss)
    HEAP                                     0x20001b90   Section      768  startup_stm32f103xb.o(HEAP)
    Heap_Mem                                 0x20001b90   Data         768  startup_stm32f103xb.o(HEAP)
    STACK                                    0x20001e90   Section     1280  startup_stm32f103xb.o(STACK)
    Stack_Mem                                0x20001e90   Data        1280  startup_stm32f103xb.o(STACK)
    __initial_sp                             0x20002390   Data           0  startup_stm32f103xb.o(STACK)

    Global Symbols

    Symbol Name                              Value     Ov Type        Size  Object(Section)

    BuildAttributes$$THM_ISAv4$P$D$K$B$S$PE$A:L22UL41UL21$X:L11$S22US41US21$IEEE1$IW$USESV6$~STKCKD$USESV7$~SHL$OTIME$ROPI$EBA8$UX$STANDARDLIB$REQ8$PRES8$EABIv2 0x00000000   Number         0  anon$$obj.o ABSOLUTE
    __ARM_use_no_argv                        0x00000000   Number         0  main.o ABSOLUTE
    _printf_flags                            0x00000000   Number         0  printf_stubs.o ABSOLUTE
    _printf_return_value                     0x00000000   Number         0  printf_stubs.o ABSOLUTE
    _printf_sizespec                         0x00000000   Number         0  printf_stubs.o ABSOLUTE
    _printf_widthprec                        0x00000000   Number         0  printf_stubs.o ABSOLUTE
    __ARM_exceptions_init                     - Undefined Weak Reference
    __alloca_initialize                       - Undefined Weak Reference
    __arm_fini_                               - Undefined Weak Reference
    __arm_preinit_                            - Undefined Weak Reference
    __cpp_initialize__aeabi_                  - Undefined Weak Reference
    __cxa_finalize                            - Undefined Weak Reference
    __rt_locale                               - Undefined Weak Reference
    __sigvec_lookup                           - Undefined Weak Reference
    __user_heap_extent                        - Undefined Weak Reference
    _atexit_init                              - Undefined Weak Reference
    _call_atexit_fns                          - Undefined Weak Reference
    _clock_init                               - Undefined Weak Reference
    _fp_trap_init                             - Undefined Weak Reference
    _fp_trap_shutdown                         - Undefined Weak Reference
    _get_lc_collate                           - Undefined Weak Reference
    _get_lc_ctype                             - Undefined Weak Reference
    _get_lc_monetary                          - Undefined Weak Reference
    _get_lc_numeric                           - Undefined Weak Reference
    _get_lc_time                              - Undefined Weak Reference
    _getenv_init                              - Undefined Weak Reference
    _handle_redirection                       - Undefined Weak Reference
    _mutex_acquire                            - Undefined Weak Reference
    _mutex_free                               - Undefined Weak Reference
    _mutex_release                            - Undefined Weak Reference
    _printf_truncate_signed                   - Undefined Weak Reference
    _printf_truncate_unsigned                 - Undefined Weak Reference
    _rand_init                                - Undefined Weak Reference
    _signal_finish                            - Undefined Weak Reference
    _signal_init                              - Undefined Weak Reference
    __Vectors_Size                           0x000000ec   Number         0  startup_stm32f103xb.o ABSOLUTE
    __Vectors                                0x08000000   Data           4  startup_stm32f103xb.o(RESET)
    __Vectors_End                            0x080000ec   Data           0  startup_stm32f103xb.o(RESET)
    __main                                   0x080000ed   Thumb Code     8  __main.o(!!!main)
    __scatterload                            0x080000f5   Thumb Code     0  __scatter.o(!!!scatter)
    __scatterload_rt2                        0x080000f5   Thumb Code    44  __scatter.o(!!!scatter)
    __scatterload_rt2_thumb_only             0x080000f5   Thumb Code     0  __scatter.o(!!!scatter)
    __scatterload_null                       0x08000103   Thumb Code     0  __scatter.o(!!!scatter)
    __scatterload_copy                       0x08000129   Thumb Code    26  __scatter_copy.o(!!handler_copy)
    __scatterload_zeroinit                   0x08000145   Thumb Code    28  __scatter_zi.o(!!handler_zi)
    _printf_d                                0x08000161   Thumb Code     0  _printf_d.o(.ARM.Collect$$_printf_percent$$00000009)
    _printf_percent                          0x08000161   Thumb Code     0  _printf_percent.o(.ARM.Collect$$_printf_percent$$00000000)
    _printf_percent_end                      0x08000167   Thumb Code     0  _printf_percent_end.o(.ARM.Collect$$_printf_percent$$00000017)
    __rt_lib_init                            0x0800016b   Thumb Code     0  libinit.o(.ARM.Collect$$libinit$$00000000)
    __rt_lib_init_alloca_1                   0x0800016d   Thumb Code     0  libinit2.o(.ARM.Collect$$libinit$$0000002E)
    __rt_lib_init_argv_1                     0x0800016d   Thumb Code     0  libinit2.o(.ARM.Collect$$libinit$$0000002C)
    __rt_lib_init_atexit_1                   0x0800016d   Thumb Code     0  libinit2.o(.ARM.Collect$$libinit$$0000001B)
    __rt_lib_init_clock_1                    0x0800016d   Thumb Code     0  libinit2.o(.ARM.Collect$$libinit$$00000021)
    __rt_lib_init_cpp_1                      0x0800016d   Thumb Code     0  libinit2.o(.ARM.Collect$$libinit$$00000032)
    __rt_lib_init_exceptions_1               0x0800016d   Thumb Code     0  libinit2.o(.ARM.Collect$$libinit$$00000030)
    __rt_lib_init_fp_1                       0x0800016d   Thumb Code     0  libinit2.o(.ARM.Collect$$libinit$$00000002)
    __rt_lib_init_fp_trap_1                  0x0800016d   Thumb Code     0  libinit2.o(.ARM.Collect$$libinit$$0000001F)
    __rt_lib_init_getenv_1                   0x0800016d   Thumb Code     0  libinit2.o(.ARM.Collect$$libinit$$00000023)
    __rt_lib_init_heap_1                     0x0800016d   Thumb Code     0  libinit2.o(.ARM.Collect$$libinit$$0000000A)
    __rt_lib_init_lc_collate_1               0x0800016d   Thumb Code     0  libinit2.o(.ARM.Collect$$libinit$$00000011)
    __rt_lib_init_lc_ctype_1                 0x0800016d   Thumb Code     0  libinit2.o(.ARM.Collect$$libinit$$00000013)
    __rt_lib_init_lc_monetary_1              0x0800016d   Thumb Code     0  libinit2.o(.ARM.Collect$$libinit$$00000015)
    __rt_lib_init_lc_numeric_1               0x0800016d   Thumb Code     0  libinit2.o(.ARM.Collect$$libinit$$00000017)
    __rt_lib_init_lc_time_1                  0x0800016d   Thumb Code     0  libinit2.o(.ARM.Collect$$libinit$$00000019)
    __rt_lib_init_preinit_1                  0x0800016d   Thumb Code     0  libinit2.o(.ARM.Collect$$libinit$$00000004)
    __rt_lib_init_rand_1                     0x0800016d   Thumb Code     0  libinit2.o(.ARM.Collect$$libinit$$0000000E)
    __rt_lib_init_return                     0x0800016d   Thumb Code     0  libinit2.o(.ARM.Collect$$libinit$$00000033)
    __rt_lib_init_signal_1                   0x0800016d   Thumb Code     0  libinit2.o(.ARM.Collect$$libinit$$0000001D)
    __rt_lib_init_stdio_1                    0x0800016d   Thumb Code     0  libinit2.o(.ARM.Collect$$libinit$$00000025)
    __rt_lib_init_user_alloc_1               0x0800016d   Thumb Code     0  libinit2.o(.ARM.Collect$$libinit$$0000000C)
    __rt_lib_shutdown                        0x0800016f   Thumb Code     0  libshutdown.o(.ARM.Collect$$libshutdown$$00000000)
    __rt_lib_shutdown_cpp_1                  0x08000171   Thumb Code     0  libshutdown2.o(.ARM.Collect$$libshutdown$$00000004)
    __rt_lib_shutdown_fini_1                 0x08000171   Thumb Code     0  libshutdown2.o(.ARM.Collect$$libshutdown$$00000002)
    __rt_lib_shutdown_fp_trap_1              0x08000171   Thumb Code     0  libshutdown2.o(.ARM.Collect$$libshutdown$$00000009)
    __rt_lib_shutdown_heap_1                 0x08000171   Thumb Code     0  libshutdown2.o(.ARM.Collect$$libshutdown$$00000011)
    __rt_lib_shutdown_return                 0x08000171   Thumb Code     0  libshutdown2.o(.ARM.Collect$$libshutdown$$00000012)
    __rt_lib_shutdown_signal_1               0x08000171   Thumb Code     0  libshutdown2.o(.ARM.Collect$$libshutdown$$0000000C)
    __rt_lib_shutdown_stdio_1                0x08000171   Thumb Code     0  libshutdown2.o(.ARM.Collect$$libshutdown$$00000006)
    __rt_lib_shutdown_user_alloc_1           0x08000171   Thumb Code     0  libshutdown2.o(.ARM.Collect$$libshutdown$$0000000E)
    __rt_entry                               0x08000173   Thumb Code     0  __rtentry.o(.ARM.Collect$$rtentry$$00000000)
    __rt_entry_presh_1                       0x08000173   Thumb Code     0  __rtentry2.o(.ARM.Collect$$rtentry$$00000002)
    __rt_entry_sh                            0x08000173   Thumb Code     0  __rtentry4.o(.ARM.Collect$$rtentry$$00000004)
    __rt_entry_li                            0x08000179   Thumb Code     0  __rtentry2.o(.ARM.Collect$$rtentry$$0000000A)
    __rt_entry_postsh_1                      0x08000179   Thumb Code     0  __rtentry2.o(.ARM.Collect$$rtentry$$00000009)
    __rt_entry_main                          0x0800017d   Thumb Code     0  __rtentry2.o(.ARM.Collect$$rtentry$$0000000D)
    __rt_entry_postli_1                      0x0800017d   Thumb Code     0  __rtentry2.o(.ARM.Collect$$rtentry$$0000000C)
    __rt_exit                                0x08000185   Thumb Code     0  rtexit.o(.ARM.Collect$$rtexit$$00000000)
    __rt_exit_ls                             0x08000187   Thumb Code     0  rtexit2.o(.ARM.Collect$$rtexit$$00000003)
    __rt_exit_prels_1                        0x08000187   Thumb Code     0  rtexit2.o(.ARM.Collect$$rtexit$$00000002)
    __rt_exit_exit                           0x0800018b   Thumb Code     0  rtexit2.o(.ARM.Collect$$rtexit$$00000004)
    SVC_Handler                              0x08000191   Thumb Code    32  port.o(.emb_text)
    __asm___6_port_c_39a90d8d__prvStartFirstTask 0x080001b5   Thumb Code    28  port.o(.emb_text)
    PendSV_Handler                           0x080001d5   Thumb Code    72  port.o(.emb_text)
    vPortGetIPSR                             0x08000221   Thumb Code     6  port.o(.emb_text)
    Reset_Handler                            0x08000229   Thumb Code     8  startup_stm32f103xb.o(.text)
    ADC1_2_IRQHandler                        0x08000243   Thumb Code     0  startup_stm32f103xb.o(.text)
    CAN1_RX1_IRQHandler                      0x08000243   Thumb Code     0  startup_stm32f103xb.o(.text)
    CAN1_SCE_IRQHandler                      0x08000243   Thumb Code     0  startup_stm32f103xb.o(.text)
    DMA1_Channel1_IRQHandler                 0x08000243   Thumb Code     0  startup_stm32f103xb.o(.text)
    DMA1_Channel2_IRQHandler                 0x08000243   Thumb Code     0  startup_stm32f103xb.o(.text)
    DMA1_Channel3_IRQHandler                 0x08000243   Thumb Code     0  startup_stm32f103xb.o(.text)
    DMA1_Channel4_IRQHandler                 0x08000243   Thumb Code     0  startup_stm32f103xb.o(.text)
    DMA1_Channel5_IRQHandler                 0x08000243   Thumb Code     0  startup_stm32f103xb.o(.text)
    DMA1_Channel6_IRQHandler                 0x08000243   Thumb Code     0  startup_stm32f103xb.o(.text)
    DMA1_Channel7_IRQHandler                 0x08000243   Thumb Code     0  startup_stm32f103xb.o(.text)
    EXTI0_IRQHandler                         0x08000243   Thumb Code     0  startup_stm32f103xb.o(.text)
    EXTI15_10_IRQHandler                     0x08000243   Thumb Code     0  startup_stm32f103xb.o(.text)
    EXTI1_IRQHandler                         0x08000243   Thumb Code     0  startup_stm32f103xb.o(.text)
    EXTI2_IRQHandler                         0x08000243   Thumb Code     0  startup_stm32f103xb.o(.text)
    EXTI3_IRQHandler                         0x08000243   Thumb Code     0  startup_stm32f103xb.o(.text)
    EXTI4_IRQHandler                         0x08000243   Thumb Code     0  startup_stm32f103xb.o(.text)
    EXTI9_5_IRQHandler                       0x08000243   Thumb Code     0  startup_stm32f103xb.o(.text)
    FLASH_IRQHandler                         0x08000243   Thumb Code     0  startup_stm32f103xb.o(.text)
    I2C1_ER_IRQHandler                       0x08000243   Thumb Code     0  startup_stm32f103xb.o(.text)
    I2C1_EV_IRQHandler                       0x08000243   Thumb Code     0  startup_stm32f103xb.o(.text)
    I2C2_ER_IRQHandler                       0x08000243   Thumb Code     0  startup_stm32f103xb.o(.text)
    I2C2_EV_IRQHandler                       0x08000243   Thumb Code     0  startup_stm32f103xb.o(.text)
    PVD_IRQHandler                           0x08000243   Thumb Code     0  startup_stm32f103xb.o(.text)
    RCC_IRQHandler                           0x08000243   Thumb Code     0  startup_stm32f103xb.o(.text)
    RTC_Alarm_IRQHandler                     0x08000243   Thumb Code     0  startup_stm32f103xb.o(.text)
    RTC_IRQHandler                           0x08000243   Thumb Code     0  startup_stm32f103xb.o(.text)
    SPI1_IRQHandler                          0x08000243   Thumb Code     0  startup_stm32f103xb.o(.text)
    SPI2_IRQHandler                          0x08000243   Thumb Code     0  startup_stm32f103xb.o(.text)
    TAMPER_IRQHandler                        0x08000243   Thumb Code     0  startup_stm32f103xb.o(.text)
    TIM1_BRK_IRQHandler                      0x08000243   Thumb Code     0  startup_stm32f103xb.o(.text)
    TIM1_CC_IRQHandler                       0x08000243   Thumb Code     0  startup_stm32f103xb.o(.text)
    TIM1_TRG_COM_IRQHandler                  0x08000243   Thumb Code     0  startup_stm32f103xb.o(.text)
    TIM2_IRQHandler                          0x08000243   Thumb Code     0  startup_stm32f103xb.o(.text)
    TIM3_IRQHandler                          0x08000243   Thumb Code     0  startup_stm32f103xb.o(.text)
    TIM4_IRQHandler                          0x08000243   Thumb Code     0  startup_stm32f103xb.o(.text)
    USART3_IRQHandler                        0x08000243   Thumb Code     0  startup_stm32f103xb.o(.text)
    USBWakeUp_IRQHandler                     0x08000243   Thumb Code     0  startup_stm32f103xb.o(.text)
    USB_HP_CAN1_TX_IRQHandler                0x08000243   Thumb Code     0  startup_stm32f103xb.o(.text)
    USB_LP_CAN1_RX0_IRQHandler               0x08000243   Thumb Code     0  startup_stm32f103xb.o(.text)
    WWDG_IRQHandler                          0x08000243   Thumb Code     0  startup_stm32f103xb.o(.text)
    __user_initial_stackheap                 0x08000245   Thumb Code     0  startup_stm32f103xb.o(.text)
    __2sprintf                               0x08000269   Thumb Code    34  noretval__2sprintf.o(.text)
    _printf_pre_padding                      0x08000291   Thumb Code    44  _printf_pad.o(.text)
    _printf_post_padding                     0x080002bd   Thumb Code    34  _printf_pad.o(.text)
    _printf_int_dec                          0x080002e1   Thumb Code   104  _printf_dec.o(.text)
    __printf                                 0x08000359   Thumb Code   308  __printf_flags_wp.o(.text)
    strlen                                   0x08000491   Thumb Code    62  strlen.o(.text)
    strncmp                                  0x080004cf   Thumb Code   150  strncmp.o(.text)
    __aeabi_memcpy                           0x08000565   Thumb Code     0  rt_memcpy_v6.o(.text)
    __rt_memcpy                              0x08000565   Thumb Code   138  rt_memcpy_v6.o(.text)
    _memcpy_lastbytes                        0x080005cb   Thumb Code     0  rt_memcpy_v6.o(.text)
    __aeabi_memcpy4                          0x080005ef   Thumb Code     0  rt_memcpy_w.o(.text)
    __aeabi_memcpy8                          0x080005ef   Thumb Code     0  rt_memcpy_w.o(.text)
    __rt_memcpy_w                            0x080005ef   Thumb Code   100  rt_memcpy_w.o(.text)
    _memcpy_lastbytes_aligned                0x08000637   Thumb Code     0  rt_memcpy_w.o(.text)
    __aeabi_memset                           0x08000653   Thumb Code    16  aeabi_memset.o(.text)
    __aeabi_memclr                           0x08000663   Thumb Code     0  rt_memclr.o(.text)
    __rt_memclr                              0x08000663   Thumb Code    68  rt_memclr.o(.text)
    _memset                                  0x08000667   Thumb Code     0  rt_memclr.o(.text)
    __aeabi_memclr4                          0x080006a7   Thumb Code     0  rt_memclr_w.o(.text)
    __aeabi_memclr8                          0x080006a7   Thumb Code     0  rt_memclr_w.o(.text)
    __rt_memclr_w                            0x080006a7   Thumb Code    78  rt_memclr_w.o(.text)
    _memset_w                                0x080006ab   Thumb Code     0  rt_memclr_w.o(.text)
    __use_two_region_memory                  0x080006f5   Thumb Code     2  heapauxi.o(.text)
    __rt_heap_escrow                         0x080006f7   Thumb Code     2  heapauxi.o(.text)
    __rt_heap_expand                         0x080006f9   Thumb Code     2  heapauxi.o(.text)
    _printf_int_common                       0x080006fb   Thumb Code   178  _printf_intcommon.o(.text)
    _printf_char_common                      0x080007b7   Thumb Code    32  _printf_char_common.o(.text)
    _sputc                                   0x080007dd   Thumb Code    10  _sputc.o(.text)
    __user_setup_stackheap                   0x080007e7   Thumb Code    74  sys_stackheap_outer.o(.text)
    exit                                     0x08000831   Thumb Code    18  exit.o(.text)
    __user_libspace                          0x08000845   Thumb Code     8  libspace.o(.text)
    __user_perproc_libspace                  0x08000845   Thumb Code     0  libspace.o(.text)
    __user_perthread_libspace                0x08000845   Thumb Code     0  libspace.o(.text)
    __I$use$semihosting                      0x0800084d   Thumb Code     0  use_no_semi.o(.text)
    __use_no_semihosting_swi                 0x0800084d   Thumb Code     2  use_no_semi.o(.text)
    __semihosting_library_function           0x0800084f   Thumb Code     0  indicate_semi.o(.text)
    _sys_exit                                0x08000851   Thumb Code     8  sys_exit.o(.text)
    BusFault_Handler                         0x0800085d   Thumb Code     2  stm32f1xx_it.o(i.BusFault_Handler)
    DebugMon_Handler                         0x0800085f   Thumb Code     2  stm32f1xx_it.o(i.DebugMon_Handler)
    EPD_Dis_Part                             0x08000861   Thumb Code   230  epaper.o(i.EPD_Dis_Part)
    EPD_Dis_ascii_short                      0x08000949   Thumb Code    66  epaper.o(i.EPD_Dis_ascii_short)
    EPD_Dis_power                            0x08000995   Thumb Code    30  epaper.o(i.EPD_Dis_power)
    EPD_Dis_string                           0x080009b9   Thumb Code    64  epaper.o(i.EPD_Dis_string)
    EPD_HW_Init                              0x080009f9   Thumb Code   184  epaper.o(i.EPD_HW_Init)
    EPD_Part_Update_and_DeepSleep            0x08000ab1   Thumb Code    46  epaper.o(i.EPD_Part_Update_and_DeepSleep)
    EPD_Update_and_DeepSleep                 0x08000adf   Thumb Code    58  epaper.o(i.EPD_Update_and_DeepSleep)
    EPD_W21_Init                             0x08000b19   Thumb Code    40  epaper.o(i.EPD_W21_Init)
    EPD_WhiteScreen_Black                    0x08000b45   Thumb Code    54  epaper.o(i.EPD_WhiteScreen_Black)
    EPD_run_length_decode                    0x08000b7b   Thumb Code    88  epaper.o(i.EPD_run_length_decode)
    Epaper_READBUSY                          0x08000bd5   Thumb Code    18  epaper.o(i.Epaper_READBUSY)
    Epaper_Spi_WriteByte                     0x08000bed   Thumb Code    70  epaper.o(i.Epaper_Spi_WriteByte)
    Epaper_Write_Command                     0x08000c39   Thumb Code    56  epaper.o(i.Epaper_Write_Command)
    Epaper_Write_Data                        0x08000c75   Thumb Code    56  epaper.o(i.Epaper_Write_Data)
    Error_Handler                            0x08000cb1   Thumb Code     4  main.o(i.Error_Handler)
    HAL_DMA_Abort                            0x08000cb5   Thumb Code    70  stm32f1xx_hal_dma.o(i.HAL_DMA_Abort)
    HAL_DMA_Abort_IT                         0x08000cfd   Thumb Code   148  stm32f1xx_hal_dma.o(i.HAL_DMA_Abort_IT)
    HAL_Delay                                0x08000d95   Thumb Code    32  stm32f1xx_hal.o(i.HAL_Delay)
    HAL_GPIO_Init                            0x08000db9   Thumb Code   446  stm32f1xx_hal_gpio.o(i.HAL_GPIO_Init)
    HAL_GPIO_ReadPin                         0x08000f99   Thumb Code    10  stm32f1xx_hal_gpio.o(i.HAL_GPIO_ReadPin)
    HAL_GPIO_WritePin                        0x08000fa3   Thumb Code    10  stm32f1xx_hal_gpio.o(i.HAL_GPIO_WritePin)
    HAL_GetTick                              0x08000fad   Thumb Code     6  stm32f1xx_hal.o(i.HAL_GetTick)
    HAL_IncTick                              0x08000fb9   Thumb Code    12  stm32f1xx_hal.o(i.HAL_IncTick)
    HAL_Init                                 0x08000fc9   Thumb Code    32  stm32f1xx_hal.o(i.HAL_Init)
    HAL_InitTick                             0x08000fed   Thumb Code   118  stm32f1xx_hal_timebase_tim.o(i.HAL_InitTick)
    HAL_MspInit                              0x08001079   Thumb Code    62  stm32f1xx_hal_msp.o(i.HAL_MspInit)
    HAL_NVIC_EnableIRQ                       0x080010c1   Thumb Code    26  stm32f1xx_hal_cortex.o(i.HAL_NVIC_EnableIRQ)
    HAL_NVIC_SetPriority                     0x080010dd   Thumb Code    60  stm32f1xx_hal_cortex.o(i.HAL_NVIC_SetPriority)
    HAL_NVIC_SetPriorityGrouping             0x0800111d   Thumb Code    26  stm32f1xx_hal_cortex.o(i.HAL_NVIC_SetPriorityGrouping)
    HAL_RCC_ClockConfig                      0x08001141   Thumb Code   280  stm32f1xx_hal_rcc.o(i.HAL_RCC_ClockConfig)
    HAL_RCC_GetClockConfig                   0x0800126d   Thumb Code    54  stm32f1xx_hal_rcc.o(i.HAL_RCC_GetClockConfig)
    HAL_RCC_GetPCLK1Freq                     0x080012ad   Thumb Code    20  stm32f1xx_hal_rcc.o(i.HAL_RCC_GetPCLK1Freq)
    HAL_RCC_GetPCLK2Freq                     0x080012cd   Thumb Code    20  stm32f1xx_hal_rcc.o(i.HAL_RCC_GetPCLK2Freq)
    HAL_RCC_GetSysClockFreq                  0x080012ed   Thumb Code    58  stm32f1xx_hal_rcc.o(i.HAL_RCC_GetSysClockFreq)
    HAL_RCC_OscConfig                        0x08001339   Thumb Code   778  stm32f1xx_hal_rcc.o(i.HAL_RCC_OscConfig)
    HAL_TIMEx_BreakCallback                  0x08001659   Thumb Code     2  stm32f1xx_hal_tim_ex.o(i.HAL_TIMEx_BreakCallback)
    HAL_TIMEx_CommutCallback                 0x0800165b   Thumb Code     2  stm32f1xx_hal_tim_ex.o(i.HAL_TIMEx_CommutCallback)
    HAL_TIM_Base_Init                        0x0800165d   Thumb Code    90  stm32f1xx_hal_tim.o(i.HAL_TIM_Base_Init)
    HAL_TIM_Base_MspInit                     0x080016b7   Thumb Code     2  stm32f1xx_hal_tim.o(i.HAL_TIM_Base_MspInit)
    HAL_TIM_Base_Start_IT                    0x080016b9   Thumb Code    76  stm32f1xx_hal_tim.o(i.HAL_TIM_Base_Start_IT)
    HAL_TIM_IC_CaptureCallback               0x08001711   Thumb Code     2  stm32f1xx_hal_tim.o(i.HAL_TIM_IC_CaptureCallback)
    HAL_TIM_IRQHandler                       0x08001713   Thumb Code   304  stm32f1xx_hal_tim.o(i.HAL_TIM_IRQHandler)
    HAL_TIM_OC_DelayElapsedCallback          0x08001843   Thumb Code     2  stm32f1xx_hal_tim.o(i.HAL_TIM_OC_DelayElapsedCallback)
    HAL_TIM_PWM_PulseFinishedCallback        0x08001845   Thumb Code     2  stm32f1xx_hal_tim.o(i.HAL_TIM_PWM_PulseFinishedCallback)
    HAL_TIM_PeriodElapsedCallback            0x08001849   Thumb Code    14  main.o(i.HAL_TIM_PeriodElapsedCallback)
    HAL_TIM_TriggerCallback                  0x0800185d   Thumb Code     2  stm32f1xx_hal_tim.o(i.HAL_TIM_TriggerCallback)
    HAL_UARTEx_RxEventCallback               0x0800185f   Thumb Code     2  stm32f1xx_hal_uart.o(i.HAL_UARTEx_RxEventCallback)
    HAL_UART_ErrorCallback                   0x08001861   Thumb Code     2  stm32f1xx_hal_uart.o(i.HAL_UART_ErrorCallback)
    HAL_UART_IRQHandler                      0x08001865   Thumb Code   616  stm32f1xx_hal_uart.o(i.HAL_UART_IRQHandler)
    HAL_UART_Init                            0x08001ad1   Thumb Code   100  stm32f1xx_hal_uart.o(i.HAL_UART_Init)
    HAL_UART_MspInit                         0x08001b35   Thumb Code   198  usart.o(i.HAL_UART_MspInit)
    HAL_UART_Receive_IT                      0x08001c0d   Thumb Code    28  stm32f1xx_hal_uart.o(i.HAL_UART_Receive_IT)
    HAL_UART_RxCpltCallback                  0x08001c29   Thumb Code    44  myuart.o(i.HAL_UART_RxCpltCallback)
    HAL_UART_Transmit                        0x08001c65   Thumb Code   160  stm32f1xx_hal_uart.o(i.HAL_UART_Transmit)
    HAL_UART_TxCpltCallback                  0x08001d05   Thumb Code     2  stm32f1xx_hal_uart.o(i.HAL_UART_TxCpltCallback)
    HardFault_Handler                        0x08001d07   Thumb Code     2  stm32f1xx_it.o(i.HardFault_Handler)
    MX_FREERTOS_Init                         0x08001d09   Thumb Code    98  freertos.o(i.MX_FREERTOS_Init)
    MX_GPIO_Init                             0x08001d9d   Thumb Code   214  gpio.o(i.MX_GPIO_Init)
    MX_USART1_UART_Init                      0x08001e85   Thumb Code    48  usart.o(i.MX_USART1_UART_Init)
    MX_USART2_UART_Init                      0x08001ebd   Thumb Code    48  usart.o(i.MX_USART2_UART_Init)
    MemManage_Handler                        0x08001ef5   Thumb Code     2  stm32f1xx_it.o(i.MemManage_Handler)
    NMI_Handler                              0x08001ef7   Thumb Code     2  stm32f1xx_it.o(i.NMI_Handler)
    ReadTask                                 0x08001ef9   Thumb Code   234  freertos.o(i.ReadTask)
    RxTask                                   0x08002031   Thumb Code   676  freertos.o(i.RxTask)
    ShowTask                                 0x0800231d   Thumb Code    26  freertos.o(i.ShowTask)
    SysTick_Handler                          0x0800233d   Thumb Code    26  cmsis_os2.o(i.SysTick_Handler)
    SystemClock_Config                       0x08002357   Thumb Code    94  main.o(i.SystemClock_Config)
    SystemInit                               0x080023b5   Thumb Code     2  system_stm32f1xx.o(i.SystemInit)
    TIM1_UP_IRQHandler                       0x080023b9   Thumb Code     6  stm32f1xx_it.o(i.TIM1_UP_IRQHandler)
    TIM_Base_SetConfig                       0x080023c5   Thumb Code   108  stm32f1xx_hal_tim.o(i.TIM_Base_SetConfig)
    UART_Start_Receive_IT                    0x08002615   Thumb Code    54  stm32f1xx_hal_uart.o(i.UART_Start_Receive_IT)
    USART1_IRQHandler                        0x080026bd   Thumb Code     6  stm32f1xx_it.o(i.USART1_IRQHandler)
    USART2_IRQHandler                        0x080026c9   Thumb Code     6  stm32f1xx_it.o(i.USART2_IRQHandler)
    UsageFault_Handler                       0x080026d5   Thumb Code     2  stm32f1xx_it.o(i.UsageFault_Handler)
    _is_digit                                0x080026f7   Thumb Code    14  __printf_wp.o(i._is_digit)
    date_diff                                0x08002705   Thumb Code    52  ds1302.o(i.date_diff)
    daysFromBase                             0x08002739   Thumb Code    86  ds1302.o(i.daysFromBase)
    daysInMonth                              0x0800278f   Thumb Code    50  ds1302.o(i.daysInMonth)
    ds1032_DATAINPUT_init                    0x080027c1   Thumb Code    48  ds1302.o(i.ds1032_DATAINPUT_init)
    ds1032_DATAOUT_init                      0x080027f9   Thumb Code    50  ds1302.o(i.ds1032_DATAOUT_init)
    ds1032_init                              0x08002835   Thumb Code   208  ds1302.o(i.ds1032_init)
    ds1032_read_realTime                     0x08002921   Thumb Code   132  ds1302.o(i.ds1032_read_realTime)
    ds1032_read_time                         0x080029a9   Thumb Code    62  ds1302.o(i.ds1032_read_time)
    ds1302_read_rig                          0x080029ed   Thumb Code   188  ds1302.o(i.ds1302_read_rig)
    ds1302_wirte_rig                         0x08002ab1   Thumb Code   106  ds1302.o(i.ds1302_wirte_rig)
    ds1302_write_onebyte                     0x08002b25   Thumb Code    84  ds1302.o(i.ds1302_write_onebyte)
    init_show                                0x08002b7d   Thumb Code   852  show.o(i.init_show)
    int_to_bcd                               0x08002f11   Thumb Code    22  ds1302.o(i.int_to_bcd)
    isLeapYear                               0x08002f27   Thumb Code    38  ds1302.o(i.isLeapYear)
    main                                     0x08002f4d   Thumb Code   170  main.o(i.main)
    month_str_to_num                         0x08003021   Thumb Code    52  ds1302.o(i.month_str_to_num)
    osKernelInitialize                       0x08003059   Thumb Code    32  cmsis_os2.o(i.osKernelInitialize)
    osKernelStart                            0x0800307d   Thumb Code    48  cmsis_os2.o(i.osKernelStart)
    parse_date                               0x080030b5   Thumb Code   110  ds1302.o(i.parse_date)
    parse_time                               0x08003123   Thumb Code    62  ds1302.o(i.parse_time)
    pvPortMalloc                             0x080038f5   Thumb Code   216  heap_4.o(i.pvPortMalloc)
    pvTaskIncrementMutexHeldCount            0x080039d1   Thumb Code    18  tasks.o(i.pvTaskIncrementMutexHeldCount)
    pxPortInitialiseStack                    0x080039e9   Thumb Code    32  port.o(i.pxPortInitialiseStack)
    uart_rx_proc                             0x08003a0d   Thumb Code    14  freertos.o(i.uart_rx_proc)
    update_show                              0x08003a25   Thumb Code   954  show.o(i.update_show)
    update_time                              0x08003e55   Thumb Code   168  ds1302.o(i.update_time)
    uxListRemove                             0x08003f05   Thumb Code    38  list.o(i.uxListRemove)
    vApplicationGetIdleTaskMemory            0x08003f2d   Thumb Code    16  cmsis_os2.o(i.vApplicationGetIdleTaskMemory)
    vApplicationGetTimerTaskMemory           0x08003f41   Thumb Code    18  cmsis_os2.o(i.vApplicationGetTimerTaskMemory)
    vListInitialise                          0x08003f59   Thumb Code    22  list.o(i.vListInitialise)
    vListInitialiseItem                      0x08003f6f   Thumb Code     6  list.o(i.vListInitialiseItem)
    vListInsert                              0x08003f75   Thumb Code    48  list.o(i.vListInsert)
    vListInsertEnd                           0x08003fa5   Thumb Code    24  list.o(i.vListInsertEnd)
    vPortEnterCritical                       0x08003fbd   Thumb Code    54  port.o(i.vPortEnterCritical)
    vPortExitCritical                        0x08003ffd   Thumb Code    34  port.o(i.vPortExitCritical)
    vPortFree                                0x08004025   Thumb Code    94  heap_4.o(i.vPortFree)
    vPortSetupTimerInterrupt                 0x08004089   Thumb Code    32  port.o(i.vPortSetupTimerInterrupt)
    vPortValidateInterruptPriority           0x080040ad   Thumb Code    74  port.o(i.vPortValidateInterruptPriority)
    vQueueAddToRegistry                      0x08004101   Thumb Code    34  queue.o(i.vQueueAddToRegistry)
    vQueueWaitForMessageRestricted           0x08004129   Thumb Code    68  queue.o(i.vQueueWaitForMessageRestricted)
    vTaskDelay                               0x0800416d   Thumb Code    66  tasks.o(i.vTaskDelay)
    vTaskInternalSetTimeOutState             0x080041b9   Thumb Code    12  tasks.o(i.vTaskInternalSetTimeOutState)
    vTaskMissedYield                         0x080041c9   Thumb Code     8  tasks.o(i.vTaskMissedYield)
    vTaskPlaceOnEventList                    0x080041d5   Thumb Code    44  tasks.o(i.vTaskPlaceOnEventList)
    vTaskPlaceOnEventListRestricted          0x08004205   Thumb Code    52  tasks.o(i.vTaskPlaceOnEventListRestricted)
    vTaskPriorityDisinheritAfterTimeout      0x0800423d   Thumb Code   134  tasks.o(i.vTaskPriorityDisinheritAfterTimeout)
    vTaskStartScheduler                      0x080042cd   Thumb Code   118  tasks.o(i.vTaskStartScheduler)
    vTaskSuspendAll                          0x08004355   Thumb Code    10  tasks.o(i.vTaskSuspendAll)
    vTaskSwitchContext                       0x08004365   Thumb Code    90  tasks.o(i.vTaskSwitchContext)
    xPortStartScheduler                      0x080043c9   Thumb Code   154  port.o(i.xPortStartScheduler)
    xPortSysTickHandler                      0x08004471   Thumb Code    38  port.o(i.xPortSysTickHandler)
    xQueueCreateCountingSemaphore            0x0800449d   Thumb Code    58  queue.o(i.xQueueCreateCountingSemaphore)
    xQueueGenericCreate                      0x080044d7   Thumb Code    66  queue.o(i.xQueueGenericCreate)
    xQueueGenericCreateStatic                0x08004519   Thumb Code   102  queue.o(i.xQueueGenericCreateStatic)
    xQueueGenericReset                       0x08004581   Thumb Code   132  queue.o(i.xQueueGenericReset)
    xQueueGenericSend                        0x08004609   Thumb Code   346  queue.o(i.xQueueGenericSend)
    xQueueGenericSendFromISR                 0x08004769   Thumb Code   190  queue.o(i.xQueueGenericSendFromISR)
    xQueueReceive                            0x08004829   Thumb Code   308  queue.o(i.xQueueReceive)
    xQueueSemaphoreTake                      0x08004961   Thumb Code   372  queue.o(i.xQueueSemaphoreTake)
    xTaskCheckForTimeOut                     0x08004ad9   Thumb Code   112  tasks.o(i.xTaskCheckForTimeOut)
    xTaskCreate                              0x08004b4d   Thumb Code    90  tasks.o(i.xTaskCreate)
    xTaskCreateStatic                        0x08004ba7   Thumb Code    86  tasks.o(i.xTaskCreateStatic)
    xTaskGetSchedulerState                   0x08004bfd   Thumb Code    22  tasks.o(i.xTaskGetSchedulerState)
    xTaskGetTickCount                        0x08004c19   Thumb Code     6  tasks.o(i.xTaskGetTickCount)
    xTaskIncrementTick                       0x08004c25   Thumb Code   192  tasks.o(i.xTaskIncrementTick)
    xTaskPriorityDisinherit                  0x08004ced   Thumb Code   118  tasks.o(i.xTaskPriorityDisinherit)
    xTaskPriorityInherit                     0x08004d6d   Thumb Code   112  tasks.o(i.xTaskPriorityInherit)
    xTaskRemoveFromEventList                 0x08004de5   Thumb Code    98  tasks.o(i.xTaskRemoveFromEventList)
    xTaskResumeAll                           0x08004e55   Thumb Code   182  tasks.o(i.xTaskResumeAll)
    xTimerCreateTimerTask                    0x08004f19   Thumb Code    78  timers.o(i.xTimerCreateTimerTask)
    xTimerGenericCommand                     0x08004f79   Thumb Code    98  timers.o(i.xTimerGenericCommand)
    AHBPrescTable                            0x08004ff2   Data          16  system_stm32f1xx.o(.constdata)
    APBPrescTable                            0x08005002   Data           8  system_stm32f1xx.o(.constdata)
    ascii_16_short                           0x0800503c   Data        1933  epaper.o(.constdata)
    ascii_32_short                           0x080057c9   Data        6227  epaper.o(.constdata)
    gImage_square                            0x0800701c   Data         885  epaper.o(.constdata)
    gImage_haidi                             0x08007391   Data         128  epaper.o(.constdata)
    gImage_love                              0x08007411   Data         128  epaper.o(.constdata)
    gImage_tanzi                             0x08007491   Data         128  epaper.o(.constdata)
    gImage_jiaoshui                          0x08007511   Data         128  epaper.o(.constdata)
    gImage_dushu                             0x08007591   Data         128  epaper.o(.constdata)
    gImage_riji                              0x08007611   Data         128  epaper.o(.constdata)
    photo1                                   0x08007691   Data        1760  epaper.o(.constdata)
    photo2                                   0x08007d71   Data        1760  epaper.o(.constdata)
    photo3                                   0x08008451   Data        2400  epaper.o(.constdata)
    gImage1_white                            0x08008db1   Data        4736  epaper.o(.constdata)
    Region$$Table$$Base                      0x0800a074   Number         0  anon$$obj.o(Region$$Table)
    Region$$Table$$Limit                     0x0800a094   Number         0  anon$$obj.o(Region$$Table)
    photo_num                                0x20000000   Data           1  freertos.o(.data)
    xShowTaskHandle                          0x20000004   Data           4  freertos.o(.data)
    ShowTaskReturn                           0x20000008   Data           4  freertos.o(.data)
    xReadTaskHandle                          0x2000000c   Data           4  freertos.o(.data)
    ReadTaskReturn                           0x20000010   Data           4  freertos.o(.data)
    xRxTaskHandle                            0x20000014   Data           4  freertos.o(.data)
    RxTaskReturn                             0x20000018   Data           4  freertos.o(.data)
    g_xQueueUartRx                           0x2000001c   Data           4  freertos.o(.data)
    g_xShowsign                              0x20000020   Data           4  freertos.o(.data)
    uwTickFreq                               0x20000024   Data           1  stm32f1xx_hal.o(.data)
    uwTickPrio                               0x20000028   Data           4  stm32f1xx_hal.o(.data)
    uwTick                                   0x2000002c   Data           4  stm32f1xx_hal.o(.data)
    SystemCoreClock                          0x20000030   Data           4  system_stm32f1xx.o(.data)
    Time_start                               0x20000034   Data           8  ds1302.o(.data)
    time                                     0x2000003c   Data           6  ds1302.o(.data)
    read_time                                0x20000042   Data           7  ds1302.o(.data)
    Time_now                                 0x2000004a   Data           8  ds1302.o(.data)
    Time_DS1302                              0x20000052   Data           8  ds1302.o(.data)
    Time_haidilao                            0x2000005a   Data           8  ds1302.o(.data)
    YearTemp                                 0x20000064   Data           4  ds1302.o(.data)
    MonthTemp                                0x20000068   Data           4  ds1302.o(.data)
    DayTemp                                  0x2000006c   Data           4  ds1302.o(.data)
    HourTemp                                 0x20000070   Data           4  ds1302.o(.data)
    MinuteTemp                               0x20000074   Data           4  ds1302.o(.data)
    photo_now                                0x20000078   Data           4  show.o(.data)
    rxdat                                    0x2000007c   Data           1  myuart.o(.data)
    rx_pointer                               0x2000007d   Data           1  myuart.o(.data)
    pxCurrentTCB                             0x20000080   Data           4  tasks.o(.data)
    huart1                                   0x20000100   Data          72  usart.o(.bss)
    huart2                                   0x20000148   Data          72  usart.o(.bss)
    htim1                                    0x20000190   Data          72  stm32f1xx_hal_timebase_tim.o(.bss)
    event_power                              0x200001d8   Data          32  ds1302.o(.bss)
    date                                     0x200001f8   Data           9  ds1302.o(.bss)
    temp_itoa                                0x20000201   Data          30  show.o(.bss)
    Text                                     0x2000021f   Data          30  myuart.o(.bss)
    rxdata                                   0x2000023d   Data          30  myuart.o(.bss)
    xQueueRegistry                           0x2000025c   Data          64  queue.o(.bss)
    __libspace_start                         0x20001b30   Data          96  libspace.o(.bss)
    __temporary_stack_top$libspace           0x20001b90   Data           0  libspace.o(.bss)



==============================================================================

Memory Map of the image

  Image Entry point : 0x080000ed

  Load Region LR_IROM1 (Base: 0x08000000, Size: 0x0000a194, Max: 0x00020000, ABSOLUTE)

    Execution Region ER_IROM1 (Exec base: 0x08000000, Load base: 0x08000000, Size: 0x0000a094, Max: 0x00020000, ABSOLUTE)

    Exec Addr    Load Addr    Size         Type   Attr      Idx    E Section Name        Object

    0x08000000   0x08000000   0x000000ec   Data   RO            3    RESET               startup_stm32f103xb.o
    0x080000ec   0x080000ec   0x00000008   Code   RO         5147  * !!!main             c_w.l(__main.o)
    0x080000f4   0x080000f4   0x00000034   Code   RO         5494    !!!scatter          c_w.l(__scatter.o)
    0x08000128   0x08000128   0x0000001a   Code   RO         5496    !!handler_copy      c_w.l(__scatter_copy.o)
    0x08000142   0x08000142   0x00000002   PAD
    0x08000144   0x08000144   0x0000001c   Code   RO         5498    !!handler_zi        c_w.l(__scatter_zi.o)
    0x08000160   0x08000160   0x00000000   Code   RO         5128    .ARM.Collect$$_printf_percent$$00000000  c_w.l(_printf_percent.o)
    0x08000160   0x08000160   0x00000006   Code   RO         5127    .ARM.Collect$$_printf_percent$$00000009  c_w.l(_printf_d.o)
    0x08000166   0x08000166   0x00000004   Code   RO         5158    .ARM.Collect$$_printf_percent$$00000017  c_w.l(_printf_percent_end.o)
    0x0800016a   0x0800016a   0x00000002   Code   RO         5285    .ARM.Collect$$libinit$$00000000  c_w.l(libinit.o)
    0x0800016c   0x0800016c   0x00000000   Code   RO         5287    .ARM.Collect$$libinit$$00000002  c_w.l(libinit2.o)
    0x0800016c   0x0800016c   0x00000000   Code   RO         5289    .ARM.Collect$$libinit$$00000004  c_w.l(libinit2.o)
    0x0800016c   0x0800016c   0x00000000   Code   RO         5292    .ARM.Collect$$libinit$$0000000A  c_w.l(libinit2.o)
    0x0800016c   0x0800016c   0x00000000   Code   RO         5294    .ARM.Collect$$libinit$$0000000C  c_w.l(libinit2.o)
    0x0800016c   0x0800016c   0x00000000   Code   RO         5296    .ARM.Collect$$libinit$$0000000E  c_w.l(libinit2.o)
    0x0800016c   0x0800016c   0x00000000   Code   RO         5299    .ARM.Collect$$libinit$$00000011  c_w.l(libinit2.o)
    0x0800016c   0x0800016c   0x00000000   Code   RO         5301    .ARM.Collect$$libinit$$00000013  c_w.l(libinit2.o)
    0x0800016c   0x0800016c   0x00000000   Code   RO         5303    .ARM.Collect$$libinit$$00000015  c_w.l(libinit2.o)
    0x0800016c   0x0800016c   0x00000000   Code   RO         5305    .ARM.Collect$$libinit$$00000017  c_w.l(libinit2.o)
    0x0800016c   0x0800016c   0x00000000   Code   RO         5307    .ARM.Collect$$libinit$$00000019  c_w.l(libinit2.o)
    0x0800016c   0x0800016c   0x00000000   Code   RO         5309    .ARM.Collect$$libinit$$0000001B  c_w.l(libinit2.o)
    0x0800016c   0x0800016c   0x00000000   Code   RO         5311    .ARM.Collect$$libinit$$0000001D  c_w.l(libinit2.o)
    0x0800016c   0x0800016c   0x00000000   Code   RO         5313    .ARM.Collect$$libinit$$0000001F  c_w.l(libinit2.o)
    0x0800016c   0x0800016c   0x00000000   Code   RO         5315    .ARM.Collect$$libinit$$00000021  c_w.l(libinit2.o)
    0x0800016c   0x0800016c   0x00000000   Code   RO         5317    .ARM.Collect$$libinit$$00000023  c_w.l(libinit2.o)
    0x0800016c   0x0800016c   0x00000000   Code   RO         5319    .ARM.Collect$$libinit$$00000025  c_w.l(libinit2.o)
    0x0800016c   0x0800016c   0x00000000   Code   RO         5323    .ARM.Collect$$libinit$$0000002C  c_w.l(libinit2.o)
    0x0800016c   0x0800016c   0x00000000   Code   RO         5325    .ARM.Collect$$libinit$$0000002E  c_w.l(libinit2.o)
    0x0800016c   0x0800016c   0x00000000   Code   RO         5327    .ARM.Collect$$libinit$$00000030  c_w.l(libinit2.o)
    0x0800016c   0x0800016c   0x00000000   Code   RO         5329    .ARM.Collect$$libinit$$00000032  c_w.l(libinit2.o)
    0x0800016c   0x0800016c   0x00000002   Code   RO         5330    .ARM.Collect$$libinit$$00000033  c_w.l(libinit2.o)
    0x0800016e   0x0800016e   0x00000002   Code   RO         5473    .ARM.Collect$$libshutdown$$00000000  c_w.l(libshutdown.o)
    0x08000170   0x08000170   0x00000000   Code   RO         5332    .ARM.Collect$$libshutdown$$00000002  c_w.l(libshutdown2.o)
    0x08000170   0x08000170   0x00000000   Code   RO         5334    .ARM.Collect$$libshutdown$$00000004  c_w.l(libshutdown2.o)
    0x08000170   0x08000170   0x00000000   Code   RO         5336    .ARM.Collect$$libshutdown$$00000006  c_w.l(libshutdown2.o)
    0x08000170   0x08000170   0x00000000   Code   RO         5339    .ARM.Collect$$libshutdown$$00000009  c_w.l(libshutdown2.o)
    0x08000170   0x08000170   0x00000000   Code   RO         5342    .ARM.Collect$$libshutdown$$0000000C  c_w.l(libshutdown2.o)
    0x08000170   0x08000170   0x00000000   Code   RO         5344    .ARM.Collect$$libshutdown$$0000000E  c_w.l(libshutdown2.o)
    0x08000170   0x08000170   0x00000000   Code   RO         5347    .ARM.Collect$$libshutdown$$00000011  c_w.l(libshutdown2.o)
    0x08000170   0x08000170   0x00000002   Code   RO         5348    .ARM.Collect$$libshutdown$$00000012  c_w.l(libshutdown2.o)
    0x08000172   0x08000172   0x00000000   Code   RO         5149    .ARM.Collect$$rtentry$$00000000  c_w.l(__rtentry.o)
    0x08000172   0x08000172   0x00000000   Code   RO         5166    .ARM.Collect$$rtentry$$00000002  c_w.l(__rtentry2.o)
    0x08000172   0x08000172   0x00000006   Code   RO         5178    .ARM.Collect$$rtentry$$00000004  c_w.l(__rtentry4.o)
    0x08000178   0x08000178   0x00000000   Code   RO         5168    .ARM.Collect$$rtentry$$00000009  c_w.l(__rtentry2.o)
    0x08000178   0x08000178   0x00000004   Code   RO         5169    .ARM.Collect$$rtentry$$0000000A  c_w.l(__rtentry2.o)
    0x0800017c   0x0800017c   0x00000000   Code   RO         5171    .ARM.Collect$$rtentry$$0000000C  c_w.l(__rtentry2.o)
    0x0800017c   0x0800017c   0x00000008   Code   RO         5172    .ARM.Collect$$rtentry$$0000000D  c_w.l(__rtentry2.o)
    0x08000184   0x08000184   0x00000002   Code   RO         5357    .ARM.Collect$$rtexit$$00000000  c_w.l(rtexit.o)
    0x08000186   0x08000186   0x00000000   Code   RO         5411    .ARM.Collect$$rtexit$$00000002  c_w.l(rtexit2.o)
    0x08000186   0x08000186   0x00000004   Code   RO         5412    .ARM.Collect$$rtexit$$00000003  c_w.l(rtexit2.o)
    0x0800018a   0x0800018a   0x00000006   Code   RO         5413    .ARM.Collect$$rtexit$$00000004  c_w.l(rtexit2.o)
    0x08000190   0x08000190   0x00000096   Code   RO         4990    .emb_text           port.o
    0x08000226   0x08000226   0x00000002   PAD
    0x08000228   0x08000228   0x00000040   Code   RO            4    .text               startup_stm32f103xb.o
    0x08000268   0x08000268   0x00000028   Code   RO         5077    .text               c_w.l(noretval__2sprintf.o)
    0x08000290   0x08000290   0x0000004e   Code   RO         5081    .text               c_w.l(_printf_pad.o)
    0x080002de   0x080002de   0x00000002   PAD
    0x080002e0   0x080002e0   0x00000078   Code   RO         5083    .text               c_w.l(_printf_dec.o)
    0x08000358   0x08000358   0x00000138   Code   RO         5118    .text               c_w.l(__printf_flags_wp.o)
    0x08000490   0x08000490   0x0000003e   Code   RO         5129    .text               c_w.l(strlen.o)
    0x080004ce   0x080004ce   0x00000096   Code   RO         5131    .text               c_w.l(strncmp.o)
    0x08000564   0x08000564   0x0000008a   Code   RO         5133    .text               c_w.l(rt_memcpy_v6.o)
    0x080005ee   0x080005ee   0x00000064   Code   RO         5135    .text               c_w.l(rt_memcpy_w.o)
    0x08000652   0x08000652   0x00000010   Code   RO         5139    .text               c_w.l(aeabi_memset.o)
    0x08000662   0x08000662   0x00000044   Code   RO         5141    .text               c_w.l(rt_memclr.o)
    0x080006a6   0x080006a6   0x0000004e   Code   RO         5143    .text               c_w.l(rt_memclr_w.o)
    0x080006f4   0x080006f4   0x00000006   Code   RO         5145    .text               c_w.l(heapauxi.o)
    0x080006fa   0x080006fa   0x000000b2   Code   RO         5150    .text               c_w.l(_printf_intcommon.o)
    0x080007ac   0x080007ac   0x00000030   Code   RO         5152    .text               c_w.l(_printf_char_common.o)
    0x080007dc   0x080007dc   0x0000000a   Code   RO         5154    .text               c_w.l(_sputc.o)
    0x080007e6   0x080007e6   0x0000004a   Code   RO         5203    .text               c_w.l(sys_stackheap_outer.o)
    0x08000830   0x08000830   0x00000012   Code   RO         5274    .text               c_w.l(exit.o)
    0x08000842   0x08000842   0x00000002   PAD
    0x08000844   0x08000844   0x00000008   Code   RO         5351    .text               c_w.l(libspace.o)
    0x0800084c   0x0800084c   0x00000002   Code   RO         5354    .text               c_w.l(use_no_semi.o)
    0x0800084e   0x0800084e   0x00000000   Code   RO         5356    .text               c_w.l(indicate_semi.o)
    0x0800084e   0x0800084e   0x00000002   PAD
    0x08000850   0x08000850   0x0000000c   Code   RO         5408    .text               c_w.l(sys_exit.o)
    0x0800085c   0x0800085c   0x00000002   Code   RO          357    i.BusFault_Handler  stm32f1xx_it.o
    0x0800085e   0x0800085e   0x00000002   Code   RO          358    i.DebugMon_Handler  stm32f1xx_it.o
    0x08000860   0x08000860   0x000000e6   Code   RO         3058    i.EPD_Dis_Part      epaper.o
    0x08000946   0x08000946   0x00000002   PAD
    0x08000948   0x08000948   0x0000004c   Code   RO         3060    i.EPD_Dis_ascii_short  epaper.o
    0x08000994   0x08000994   0x00000024   Code   RO         3061    i.EPD_Dis_power     epaper.o
    0x080009b8   0x080009b8   0x00000040   Code   RO         3062    i.EPD_Dis_string    epaper.o
    0x080009f8   0x080009f8   0x000000b8   Code   RO         3063    i.EPD_HW_Init       epaper.o
    0x08000ab0   0x08000ab0   0x0000002e   Code   RO         3064    i.EPD_Part_Update_and_DeepSleep  epaper.o
    0x08000ade   0x08000ade   0x0000003a   Code   RO         3068    i.EPD_Update_and_DeepSleep  epaper.o
    0x08000b18   0x08000b18   0x0000002c   Code   RO         3069    i.EPD_W21_Init      epaper.o
    0x08000b44   0x08000b44   0x00000036   Code   RO         3072    i.EPD_WhiteScreen_Black  epaper.o
    0x08000b7a   0x08000b7a   0x00000058   Code   RO         3076    i.EPD_run_length_decode  epaper.o
    0x08000bd2   0x08000bd2   0x00000002   PAD
    0x08000bd4   0x08000bd4   0x00000018   Code   RO         3078    i.Epaper_READBUSY   epaper.o
    0x08000bec   0x08000bec   0x0000004c   Code   RO         3079    i.Epaper_Spi_WriteByte  epaper.o
    0x08000c38   0x08000c38   0x0000003c   Code   RO         3080    i.Epaper_Write_Command  epaper.o
    0x08000c74   0x08000c74   0x0000003c   Code   RO         3081    i.Epaper_Write_Data  epaper.o
    0x08000cb0   0x08000cb0   0x00000004   Code   RO           13    i.Error_Handler     main.o
    0x08000cb4   0x08000cb4   0x00000046   Code   RO         1886    i.HAL_DMA_Abort     stm32f1xx_hal_dma.o
    0x08000cfa   0x08000cfa   0x00000002   PAD
    0x08000cfc   0x08000cfc   0x00000098   Code   RO         1887    i.HAL_DMA_Abort_IT  stm32f1xx_hal_dma.o
    0x08000d94   0x08000d94   0x00000024   Code   RO         1512    i.HAL_Delay         stm32f1xx_hal.o
    0x08000db8   0x08000db8   0x000001e0   Code   RO         1822    i.HAL_GPIO_Init     stm32f1xx_hal_gpio.o
    0x08000f98   0x08000f98   0x0000000a   Code   RO         1824    i.HAL_GPIO_ReadPin  stm32f1xx_hal_gpio.o
    0x08000fa2   0x08000fa2   0x0000000a   Code   RO         1826    i.HAL_GPIO_WritePin  stm32f1xx_hal_gpio.o
    0x08000fac   0x08000fac   0x0000000c   Code   RO         1516    i.HAL_GetTick       stm32f1xx_hal.o
    0x08000fb8   0x08000fb8   0x00000010   Code   RO         1522    i.HAL_IncTick       stm32f1xx_hal.o
    0x08000fc8   0x08000fc8   0x00000024   Code   RO         1523    i.HAL_Init          stm32f1xx_hal.o
    0x08000fec   0x08000fec   0x0000008c   Code   RO          457    i.HAL_InitTick      stm32f1xx_hal_timebase_tim.o
    0x08001078   0x08001078   0x00000048   Code   RO          433    i.HAL_MspInit       stm32f1xx_hal_msp.o
    0x080010c0   0x080010c0   0x0000001a   Code   RO         1982    i.HAL_NVIC_EnableIRQ  stm32f1xx_hal_cortex.o
    0x080010da   0x080010da   0x00000002   PAD
    0x080010dc   0x080010dc   0x00000040   Code   RO         1988    i.HAL_NVIC_SetPriority  stm32f1xx_hal_cortex.o
    0x0800111c   0x0800111c   0x00000024   Code   RO         1989    i.HAL_NVIC_SetPriorityGrouping  stm32f1xx_hal_cortex.o
    0x08001140   0x08001140   0x0000012c   Code   RO         1680    i.HAL_RCC_ClockConfig  stm32f1xx_hal_rcc.o
    0x0800126c   0x0800126c   0x00000040   Code   RO         1684    i.HAL_RCC_GetClockConfig  stm32f1xx_hal_rcc.o
    0x080012ac   0x080012ac   0x00000020   Code   RO         1687    i.HAL_RCC_GetPCLK1Freq  stm32f1xx_hal_rcc.o
    0x080012cc   0x080012cc   0x00000020   Code   RO         1688    i.HAL_RCC_GetPCLK2Freq  stm32f1xx_hal_rcc.o
    0x080012ec   0x080012ec   0x0000004c   Code   RO         1689    i.HAL_RCC_GetSysClockFreq  stm32f1xx_hal_rcc.o
    0x08001338   0x08001338   0x00000320   Code   RO         1692    i.HAL_RCC_OscConfig  stm32f1xx_hal_rcc.o
    0x08001658   0x08001658   0x00000002   Code   RO         1238    i.HAL_TIMEx_BreakCallback  stm32f1xx_hal_tim_ex.o
    0x0800165a   0x0800165a   0x00000002   Code   RO         1239    i.HAL_TIMEx_CommutCallback  stm32f1xx_hal_tim_ex.o
    0x0800165c   0x0800165c   0x0000005a   Code   RO          534    i.HAL_TIM_Base_Init  stm32f1xx_hal_tim.o
    0x080016b6   0x080016b6   0x00000002   Code   RO          536    i.HAL_TIM_Base_MspInit  stm32f1xx_hal_tim.o
    0x080016b8   0x080016b8   0x00000058   Code   RO          539    i.HAL_TIM_Base_Start_IT  stm32f1xx_hal_tim.o
    0x08001710   0x08001710   0x00000002   Code   RO          568    i.HAL_TIM_IC_CaptureCallback  stm32f1xx_hal_tim.o
    0x08001712   0x08001712   0x00000130   Code   RO          582    i.HAL_TIM_IRQHandler  stm32f1xx_hal_tim.o
    0x08001842   0x08001842   0x00000002   Code   RO          585    i.HAL_TIM_OC_DelayElapsedCallback  stm32f1xx_hal_tim.o
    0x08001844   0x08001844   0x00000002   Code   RO          612    i.HAL_TIM_PWM_PulseFinishedCallback  stm32f1xx_hal_tim.o
    0x08001846   0x08001846   0x00000002   PAD
    0x08001848   0x08001848   0x00000014   Code   RO           14    i.HAL_TIM_PeriodElapsedCallback  main.o
    0x0800185c   0x0800185c   0x00000002   Code   RO          625    i.HAL_TIM_TriggerCallback  stm32f1xx_hal_tim.o
    0x0800185e   0x0800185e   0x00000002   Code   RO         2494    i.HAL_UARTEx_RxEventCallback  stm32f1xx_hal_uart.o
    0x08001860   0x08001860   0x00000002   Code   RO         2508    i.HAL_UART_ErrorCallback  stm32f1xx_hal_uart.o
    0x08001862   0x08001862   0x00000002   PAD
    0x08001864   0x08001864   0x0000026c   Code   RO         2511    i.HAL_UART_IRQHandler  stm32f1xx_hal_uart.o
    0x08001ad0   0x08001ad0   0x00000064   Code   RO         2512    i.HAL_UART_Init     stm32f1xx_hal_uart.o
    0x08001b34   0x08001b34   0x000000d8   Code   RO          310    i.HAL_UART_MspInit  usart.o
    0x08001c0c   0x08001c0c   0x0000001c   Code   RO         2517    i.HAL_UART_Receive_IT  stm32f1xx_hal_uart.o
    0x08001c28   0x08001c28   0x0000003c   Code   RO         3294    i.HAL_UART_RxCpltCallback  myuart.o
    0x08001c64   0x08001c64   0x000000a0   Code   RO         2520    i.HAL_UART_Transmit  stm32f1xx_hal_uart.o
    0x08001d04   0x08001d04   0x00000002   Code   RO         2523    i.HAL_UART_TxCpltCallback  stm32f1xx_hal_uart.o
    0x08001d06   0x08001d06   0x00000002   Code   RO          359    i.HardFault_Handler  stm32f1xx_it.o
    0x08001d08   0x08001d08   0x00000094   Code   RO          239    i.MX_FREERTOS_Init  freertos.o
    0x08001d9c   0x08001d9c   0x000000e8   Code   RO          215    i.MX_GPIO_Init      gpio.o
    0x08001e84   0x08001e84   0x00000038   Code   RO          311    i.MX_USART1_UART_Init  usart.o
    0x08001ebc   0x08001ebc   0x00000038   Code   RO          312    i.MX_USART2_UART_Init  usart.o
    0x08001ef4   0x08001ef4   0x00000002   Code   RO          360    i.MemManage_Handler  stm32f1xx_it.o
    0x08001ef6   0x08001ef6   0x00000002   Code   RO          361    i.NMI_Handler       stm32f1xx_it.o
    0x08001ef8   0x08001ef8   0x00000138   Code   RO          240    i.ReadTask          freertos.o
    0x08002030   0x08002030   0x000002ec   Code   RO          241    i.RxTask            freertos.o
    0x0800231c   0x0800231c   0x00000020   Code   RO          242    i.ShowTask          freertos.o
    0x0800233c   0x0800233c   0x0000001a   Code   RO         4425    i.SysTick_Handler   cmsis_os2.o
    0x08002356   0x08002356   0x0000005e   Code   RO           15    i.SystemClock_Config  main.o
    0x080023b4   0x080023b4   0x00000002   Code   RO         2846    i.SystemInit        system_stm32f1xx.o
    0x080023b6   0x080023b6   0x00000002   PAD
    0x080023b8   0x080023b8   0x0000000c   Code   RO          362    i.TIM1_UP_IRQHandler  stm32f1xx_it.o
    0x080023c4   0x080023c4   0x00000078   Code   RO          627    i.TIM_Base_SetConfig  stm32f1xx_hal_tim.o
    0x0800243c   0x0800243c   0x00000010   Code   RO         2525    i.UART_DMAAbortOnError  stm32f1xx_hal_uart.o
    0x0800244c   0x0800244c   0x0000004e   Code   RO         2535    i.UART_EndRxTransfer  stm32f1xx_hal_uart.o
    0x0800249a   0x0800249a   0x000000c2   Code   RO         2537    i.UART_Receive_IT   stm32f1xx_hal_uart.o
    0x0800255c   0x0800255c   0x000000b8   Code   RO         2538    i.UART_SetConfig    stm32f1xx_hal_uart.o
    0x08002614   0x08002614   0x00000036   Code   RO         2540    i.UART_Start_Receive_IT  stm32f1xx_hal_uart.o
    0x0800264a   0x0800264a   0x00000072   Code   RO         2541    i.UART_WaitOnFlagUntilTimeout  stm32f1xx_hal_uart.o
    0x080026bc   0x080026bc   0x0000000c   Code   RO          363    i.USART1_IRQHandler  stm32f1xx_it.o
    0x080026c8   0x080026c8   0x0000000c   Code   RO          364    i.USART2_IRQHandler  stm32f1xx_it.o
    0x080026d4   0x080026d4   0x00000002   Code   RO          365    i.UsageFault_Handler  stm32f1xx_it.o
    0x080026d6   0x080026d6   0x00000020   Code   RO         1995    i.__NVIC_SetPriority  stm32f1xx_hal_cortex.o
    0x080026f6   0x080026f6   0x0000000e   Code   RO         5116    i._is_digit         c_w.l(__printf_wp.o)
    0x08002704   0x08002704   0x00000034   Code   RO         2883    i.date_diff         ds1302.o
    0x08002738   0x08002738   0x00000056   Code   RO         2884    i.daysFromBase      ds1302.o
    0x0800278e   0x0800278e   0x00000032   Code   RO         2885    i.daysInMonth       ds1302.o
    0x080027c0   0x080027c0   0x00000038   Code   RO         2886    i.ds1032_DATAINPUT_init  ds1302.o
    0x080027f8   0x080027f8   0x0000003c   Code   RO         2887    i.ds1032_DATAOUT_init  ds1302.o
    0x08002834   0x08002834   0x000000ec   Code   RO         2888    i.ds1032_init       ds1302.o
    0x08002920   0x08002920   0x00000088   Code   RO         2889    i.ds1032_read_realTime  ds1302.o
    0x080029a8   0x080029a8   0x00000044   Code   RO         2890    i.ds1032_read_time  ds1302.o
    0x080029ec   0x080029ec   0x000000c4   Code   RO         2892    i.ds1302_read_rig   ds1302.o
    0x08002ab0   0x08002ab0   0x00000074   Code   RO         2893    i.ds1302_wirte_rig  ds1302.o
    0x08002b24   0x08002b24   0x00000058   Code   RO         2894    i.ds1302_write_onebyte  ds1302.o
    0x08002b7c   0x08002b7c   0x00000394   Code   RO         3257    i.init_show         show.o
    0x08002f10   0x08002f10   0x00000016   Code   RO         2895    i.int_to_bcd        ds1302.o
    0x08002f26   0x08002f26   0x00000026   Code   RO         2896    i.isLeapYear        ds1302.o
    0x08002f4c   0x08002f4c   0x000000d4   Code   RO           16    i.main              main.o
    0x08003020   0x08003020   0x00000038   Code   RO         2897    i.month_str_to_num  ds1302.o
    0x08003058   0x08003058   0x00000024   Code   RO         4441    i.osKernelInitialize  cmsis_os2.o
    0x0800307c   0x0800307c   0x00000038   Code   RO         4444    i.osKernelStart     cmsis_os2.o
    0x080030b4   0x080030b4   0x0000006e   Code   RO         2898    i.parse_date        ds1302.o
    0x08003122   0x08003122   0x0000003e   Code   RO         2899    i.parse_time        ds1302.o
    0x08003160   0x08003160   0x0000005c   Code   RO         3889    i.prvAddCurrentTaskToDelayedList  tasks.o
    0x080031bc   0x080031bc   0x000000d0   Code   RO         3890    i.prvAddNewTaskToReadyList  tasks.o
    0x0800328c   0x0800328c   0x00000058   Code   RO         4254    i.prvCheckForValidListAndQueue  timers.o
    0x080032e4   0x080032e4   0x00000026   Code   RO         3495    i.prvCopyDataFromQueue  queue.o
    0x0800330a   0x0800330a   0x0000006c   Code   RO         3496    i.prvCopyDataToQueue  queue.o
    0x08003376   0x08003376   0x00000034   Code   RO         3891    i.prvDeleteTCB      tasks.o
    0x080033aa   0x080033aa   0x00000002   PAD
    0x080033ac   0x080033ac   0x0000004c   Code   RO         4935    i.prvHeapInit       heap_4.o
    0x080033f8   0x080033f8   0x00000060   Code   RO         3892    i.prvIdleTask       tasks.o
    0x08003458   0x08003458   0x00000022   Code   RO         3498    i.prvInitialiseNewQueue  queue.o
    0x0800347a   0x0800347a   0x00000002   PAD
    0x0800347c   0x0800347c   0x000000b0   Code   RO         3893    i.prvInitialiseNewTask  tasks.o
    0x0800352c   0x0800352c   0x0000004c   Code   RO         4936    i.prvInsertBlockIntoFreeList  heap_4.o
    0x08003578   0x08003578   0x00000038   Code   RO         4256    i.prvInsertTimerInActiveList  timers.o
    0x080035b0   0x080035b0   0x0000001c   Code   RO         3499    i.prvIsQueueEmpty   queue.o
    0x080035cc   0x080035cc   0x000000fc   Code   RO         4257    i.prvProcessReceivedCommands  timers.o
    0x080036c8   0x080036c8   0x000000c0   Code   RO         4258    i.prvProcessTimerOrBlockTask  timers.o
    0x08003788   0x08003788   0x00000020   Code   RO         3895    i.prvResetNextTaskUnblockTime  tasks.o
    0x080037a8   0x080037a8   0x00000028   Code   RO         4259    i.prvSampleTimeNow  timers.o
    0x080037d0   0x080037d0   0x0000006c   Code   RO         4260    i.prvSwitchTimerLists  timers.o
    0x0800383c   0x0800383c   0x00000028   Code   RO         4991    i.prvTaskExitError  port.o
    0x08003864   0x08003864   0x00000024   Code   RO         4261    i.prvTimerTask      timers.o
    0x08003888   0x08003888   0x0000006a   Code   RO         3500    i.prvUnlockQueue    queue.o
    0x080038f2   0x080038f2   0x00000002   PAD
    0x080038f4   0x080038f4   0x000000dc   Code   RO         4937    i.pvPortMalloc      heap_4.o
    0x080039d0   0x080039d0   0x00000018   Code   RO         3898    i.pvTaskIncrementMutexHeldCount  tasks.o
    0x080039e8   0x080039e8   0x00000024   Code   RO         4992    i.pxPortInitialiseStack  port.o
    0x08003a0c   0x08003a0c   0x00000018   Code   RO          244    i.uart_rx_proc      freertos.o
    0x08003a24   0x08003a24   0x00000430   Code   RO         3258    i.update_show       show.o
    0x08003e54   0x08003e54   0x000000b0   Code   RO         2900    i.update_time       ds1302.o
    0x08003f04   0x08003f04   0x00000026   Code   RO         3455    i.uxListRemove      list.o
    0x08003f2a   0x08003f2a   0x00000002   PAD
    0x08003f2c   0x08003f2c   0x00000014   Code   RO         4498    i.vApplicationGetIdleTaskMemory  cmsis_os2.o
    0x08003f40   0x08003f40   0x00000018   Code   RO         4499    i.vApplicationGetTimerTaskMemory  cmsis_os2.o
    0x08003f58   0x08003f58   0x00000016   Code   RO         3456    i.vListInitialise   list.o
    0x08003f6e   0x08003f6e   0x00000006   Code   RO         3457    i.vListInitialiseItem  list.o
    0x08003f74   0x08003f74   0x00000030   Code   RO         3458    i.vListInsert       list.o
    0x08003fa4   0x08003fa4   0x00000018   Code   RO         3459    i.vListInsertEnd    list.o
    0x08003fbc   0x08003fbc   0x00000040   Code   RO         4994    i.vPortEnterCritical  port.o
    0x08003ffc   0x08003ffc   0x00000028   Code   RO         4995    i.vPortExitCritical  port.o
    0x08004024   0x08004024   0x00000064   Code   RO         4938    i.vPortFree         heap_4.o
    0x08004088   0x08004088   0x00000024   Code   RO         4996    i.vPortSetupTimerInterrupt  port.o
    0x080040ac   0x080040ac   0x00000054   Code   RO         4997    i.vPortValidateInterruptPriority  port.o
    0x08004100   0x08004100   0x00000028   Code   RO         3506    i.vQueueAddToRegistry  queue.o
    0x08004128   0x08004128   0x00000044   Code   RO         3510    i.vQueueWaitForMessageRestricted  queue.o
    0x0800416c   0x0800416c   0x0000004c   Code   RO         3908    i.vTaskDelay        tasks.o
    0x080041b8   0x080041b8   0x00000010   Code   RO         3913    i.vTaskInternalSetTimeOutState  tasks.o
    0x080041c8   0x080041c8   0x0000000c   Code   RO         3914    i.vTaskMissedYield  tasks.o
    0x080041d4   0x080041d4   0x00000030   Code   RO         3916    i.vTaskPlaceOnEventList  tasks.o
    0x08004204   0x08004204   0x00000038   Code   RO         3917    i.vTaskPlaceOnEventListRestricted  tasks.o
    0x0800423c   0x0800423c   0x00000090   Code   RO         3919    i.vTaskPriorityDisinheritAfterTimeout  tasks.o
    0x080042cc   0x080042cc   0x00000088   Code   RO         3925    i.vTaskStartScheduler  tasks.o
    0x08004354   0x08004354   0x00000010   Code   RO         3927    i.vTaskSuspendAll   tasks.o
    0x08004364   0x08004364   0x00000064   Code   RO         3928    i.vTaskSwitchContext  tasks.o
    0x080043c8   0x080043c8   0x000000a8   Code   RO         4998    i.xPortStartScheduler  port.o
    0x08004470   0x08004470   0x0000002c   Code   RO         4999    i.xPortSysTickHandler  port.o
    0x0800449c   0x0800449c   0x0000003a   Code   RO         3511    i.xQueueCreateCountingSemaphore  queue.o
    0x080044d6   0x080044d6   0x00000042   Code   RO         3515    i.xQueueGenericCreate  queue.o
    0x08004518   0x08004518   0x00000066   Code   RO         3516    i.xQueueGenericCreateStatic  queue.o
    0x0800457e   0x0800457e   0x00000002   PAD
    0x08004580   0x08004580   0x00000088   Code   RO         3517    i.xQueueGenericReset  queue.o
    0x08004608   0x08004608   0x00000160   Code   RO         3518    i.xQueueGenericSend  queue.o
    0x08004768   0x08004768   0x000000be   Code   RO         3519    i.xQueueGenericSendFromISR  queue.o
    0x08004826   0x08004826   0x00000002   PAD
    0x08004828   0x08004828   0x00000138   Code   RO         3528    i.xQueueReceive     queue.o
    0x08004960   0x08004960   0x00000178   Code   RO         3530    i.xQueueSemaphoreTake  queue.o
    0x08004ad8   0x08004ad8   0x00000074   Code   RO         3930    i.xTaskCheckForTimeOut  tasks.o
    0x08004b4c   0x08004b4c   0x0000005a   Code   RO         3931    i.xTaskCreate       tasks.o
    0x08004ba6   0x08004ba6   0x00000056   Code   RO         3932    i.xTaskCreateStatic  tasks.o
    0x08004bfc   0x08004bfc   0x0000001c   Code   RO         3936    i.xTaskGetSchedulerState  tasks.o
    0x08004c18   0x08004c18   0x0000000c   Code   RO         3937    i.xTaskGetTickCount  tasks.o
    0x08004c24   0x08004c24   0x000000c8   Code   RO         3939    i.xTaskIncrementTick  tasks.o
    0x08004cec   0x08004cec   0x00000080   Code   RO         3942    i.xTaskPriorityDisinherit  tasks.o
    0x08004d6c   0x08004d6c   0x00000078   Code   RO         3943    i.xTaskPriorityInherit  tasks.o
    0x08004de4   0x08004de4   0x00000070   Code   RO         3944    i.xTaskRemoveFromEventList  tasks.o
    0x08004e54   0x08004e54   0x000000c4   Code   RO         3945    i.xTaskResumeAll    tasks.o
    0x08004f18   0x08004f18   0x00000060   Code   RO         4270    i.xTimerCreateTimerTask  timers.o
    0x08004f78   0x08004f78   0x00000068   Code   RO         4271    i.xTimerGenericCommand  timers.o
    0x08004fe0   0x08004fe0   0x00000012   Data   RO         1693    .constdata          stm32f1xx_hal_rcc.o
    0x08004ff2   0x08004ff2   0x00000010   Data   RO         2847    .constdata          system_stm32f1xx.o
    0x08005002   0x08005002   0x00000008   Data   RO         2848    .constdata          system_stm32f1xx.o
    0x0800500a   0x0800500a   0x00000002   PAD
    0x0800500c   0x0800500c   0x00000030   Data   RO         2903    .constdata          ds1302.o
    0x0800503c   0x0800503c   0x00002355   Data   RO         3084    .constdata          epaper.o
    0x08007391   0x08007391   0x00000080   Data   RO         3085    .constdata          epaper.o
    0x08007411   0x08007411   0x00000080   Data   RO         3086    .constdata          epaper.o
    0x08007491   0x08007491   0x00000080   Data   RO         3087    .constdata          epaper.o
    0x08007511   0x08007511   0x00000080   Data   RO         3088    .constdata          epaper.o
    0x08007591   0x08007591   0x00000080   Data   RO         3089    .constdata          epaper.o
    0x08007611   0x08007611   0x00000080   Data   RO         3090    .constdata          epaper.o
    0x08007691   0x08007691   0x000006e0   Data   RO         3092    .constdata          epaper.o
    0x08007d71   0x08007d71   0x000006e0   Data   RO         3093    .constdata          epaper.o
    0x08008451   0x08008451   0x00000960   Data   RO         3094    .constdata          epaper.o
    0x08008db1   0x08008db1   0x00001280   Data   RO         3096    .constdata          epaper.o
    0x0800a031   0x0800a031   0x00000011   Data   RO         5119    .constdata          c_w.l(__printf_flags_wp.o)
    0x0800a042   0x0800a042   0x00000002   PAD
    0x0800a044   0x0800a044   0x00000030   Data   RO         2904    .conststring        ds1302.o
    0x0800a074   0x0800a074   0x00000020   Data   RO         5492    Region$$Table       anon$$obj.o


    Execution Region RW_IRAM1 (Exec base: 0x20000000, Load base: 0x0800a094, Size: 0x00002390, Max: 0x00005000, ABSOLUTE)

    Exec Addr    Load Addr    Size         Type   Attr      Idx    E Section Name        Object

    0x20000000   0x0800a094   0x00000024   Data   RW          247    .data               freertos.o
    0x20000024   0x0800a0b8   0x0000000c   Data   RW         1530    .data               stm32f1xx_hal.o
    0x20000030   0x0800a0c4   0x00000004   Data   RW         2849    .data               system_stm32f1xx.o
    0x20000034   0x0800a0c8   0x00000008   Data   RW         2905    .data               ds1302.o
    0x2000003c   0x0800a0d0   0x00000016   Data   RW         2906    .data               ds1302.o
    0x20000052   0x0800a0e6   0x00000008   Data   RW         2907    .data               ds1302.o
    0x2000005a   0x0800a0ee   0x00000008   Data   RW         2908    .data               ds1302.o
    0x20000062   0x0800a0f6   0x00000002   PAD
    0x20000064   0x0800a0f8   0x00000004   Data   RW         2909    .data               ds1302.o
    0x20000068   0x0800a0fc   0x00000004   Data   RW         2910    .data               ds1302.o
    0x2000006c   0x0800a100   0x00000004   Data   RW         2911    .data               ds1302.o
    0x20000070   0x0800a104   0x00000004   Data   RW         2912    .data               ds1302.o
    0x20000074   0x0800a108   0x00000004   Data   RW         2913    .data               ds1302.o
    0x20000078   0x0800a10c   0x00000004   Data   RW         3260    .data               show.o
    0x2000007c   0x0800a110   0x00000002   Data   RW         3297    .data               myuart.o
    0x2000007e   0x0800a112   0x00000002   PAD
    0x20000080   0x0800a114   0x0000003c   Data   RW         3948    .data               tasks.o
    0x200000bc   0x0800a150   0x00000014   Data   RW         4279    .data               timers.o
    0x200000d0   0x0800a164   0x00000004   Data   RW         4501    .data               cmsis_os2.o
    0x200000d4   0x0800a168   0x00000020   Data   RW         4944    .data               heap_4.o
    0x200000f4   0x0800a188   0x0000000c   Data   RW         5000    .data               port.o
    0x20000100        -       0x00000090   Zero   RW          313    .bss                usart.o
    0x20000190        -       0x00000048   Zero   RW          460    .bss                stm32f1xx_hal_timebase_tim.o
    0x200001d8        -       0x00000020   Zero   RW         2901    .bss                ds1302.o
    0x200001f8        -       0x00000009   Zero   RW         2902    .bss                ds1302.o
    0x20000201        -       0x0000001e   Zero   RW         3259    .bss                show.o
    0x2000021f        -       0x0000001e   Zero   RW         3295    .bss                myuart.o
    0x2000023d        -       0x0000001e   Zero   RW         3296    .bss                myuart.o
    0x2000025b   0x0800a194   0x00000001   PAD
    0x2000025c        -       0x00000040   Zero   RW         3532    .bss                queue.o
    0x2000029c        -       0x000004c4   Zero   RW         3947    .bss                tasks.o
    0x20000760        -       0x00000118   Zero   RW         4278    .bss                timers.o
    0x20000878        -       0x000006b8   Zero   RW         4500    .bss                cmsis_os2.o
    0x20000f30        -       0x00000c00   Zero   RW         4943    .bss                heap_4.o
    0x20001b30        -       0x00000060   Zero   RW         5352    .bss                c_w.l(libspace.o)
    0x20001b90        -       0x00000300   Zero   RW            2    HEAP                startup_stm32f103xb.o
    0x20001e90        -       0x00000500   Zero   RW            1    STACK               startup_stm32f103xb.o


==============================================================================

Image component sizes


      Code (inc. data)   RO Data    RW Data    ZI Data      Debug   Object Name

       162         22          0          4       1720      53883   cmsis_os2.o
      1608        104         96         66         41      12285   ds1302.o
      1100         40      20469          0          0      10160   epaper.o
         0          0          0          0          0      19588   event_groups.o
      1264        242          0         36          0       4049   freertos.o
       232         18          0          0          0        971   gpio.o
       472         24          0         32       3072       4719   heap_4.o
       138          0          0          0          0       3346   list.o
       330         48          0          0          0     447260   main.o
        60         16          0          2         60       1138   myuart.o
       662         70          0         12          0      10637   port.o
      2014         24          0          0         64      20576   queue.o
      1988        182          0          4         30       1876   show.o
        64         26        236          0       2048        804   startup_stm32f103xb.o
       100         18          0         12          0       5186   stm32f1xx_hal.o
       158         14          0          0          0      28146   stm32f1xx_hal_cortex.o
       222          4          0          0          0       1747   stm32f1xx_hal_dma.o
       500         34          0          0          0       3487   stm32f1xx_hal_gpio.o
        72         10          0          0          0        854   stm32f1xx_hal_msp.o
      1304         94         18          0          0       5681   stm32f1xx_hal_rcc.o
       612         24          0          0          0       7092   stm32f1xx_hal_tim.o
         4          0          0          0          0       1557   stm32f1xx_hal_tim_ex.o
       140         22          0          0         72       1399   stm32f1xx_hal_timebase_tim.o
      1554         10          0          0          0      10844   stm32f1xx_hal_uart.o
        48         18          0          0          0       3822   stm32f1xx_it.o
         2          0         24          4          0       1095   system_stm32f1xx.o
      2372        192          0         60       1220      28425   tasks.o
       972         80          0         20        280      29415   timers.o
       328         34          0          0        144       2323   usart.o

    ----------------------------------------------------------------------
     18510       1370      20877        256       8752     722365   Object Totals
         0          0         32          0          0          0   (incl. Generated)
        28          0          2          4          1          0   (incl. Padding)

    ----------------------------------------------------------------------

      Code (inc. data)   RO Data    RW Data    ZI Data      Debug   Library Member Name

         8          0          0          0          0         68   __main.o
       312          4         17          0          0         92   __printf_flags_wp.o
        14          0          0          0          0         68   __printf_wp.o
         0          0          0          0          0          0   __rtentry.o
        12          0          0          0          0          0   __rtentry2.o
         6          0          0          0          0          0   __rtentry4.o
        52          8          0          0          0          0   __scatter.o
        26          0          0          0          0          0   __scatter_copy.o
        28          0          0          0          0          0   __scatter_zi.o
        48          6          0          0          0         96   _printf_char_common.o
         6          0          0          0          0          0   _printf_d.o
       120         16          0          0          0         92   _printf_dec.o
       178          0          0          0          0         88   _printf_intcommon.o
        78          0          0          0          0        108   _printf_pad.o
         0          0          0          0          0          0   _printf_percent.o
         4          0          0          0          0          0   _printf_percent_end.o
        10          0          0          0          0         68   _sputc.o
        16          0          0          0          0         68   aeabi_memset.o
        18          0          0          0          0         80   exit.o
         6          0          0          0          0        152   heapauxi.o
         0          0          0          0          0          0   indicate_semi.o
         2          0          0          0          0          0   libinit.o
         2          0          0          0          0          0   libinit2.o
         2          0          0          0          0          0   libshutdown.o
         2          0          0          0          0          0   libshutdown2.o
         8          4          0          0         96         68   libspace.o
        40          6          0          0          0         84   noretval__2sprintf.o
        68          0          0          0          0         68   rt_memclr.o
        78          0          0          0          0         80   rt_memclr_w.o
       138          0          0          0          0         68   rt_memcpy_v6.o
       100          0          0          0          0         80   rt_memcpy_w.o
         2          0          0          0          0          0   rtexit.o
        10          0          0          0          0          0   rtexit2.o
        62          0          0          0          0         76   strlen.o
       150          0          0          0          0         80   strncmp.o
        12          4          0          0          0         68   sys_exit.o
        74          0          0          0          0         80   sys_stackheap_outer.o
         2          0          0          0          0         68   use_no_semi.o

    ----------------------------------------------------------------------
      1702         48         19          0         96       1800   Library Totals
         8          0          2          0          0          0   (incl. Padding)

    ----------------------------------------------------------------------

      Code (inc. data)   RO Data    RW Data    ZI Data      Debug   Library Name

      1694         48         17          0         96       1800   c_w.l

    ----------------------------------------------------------------------
      1702         48         19          0         96       1800   Library Totals

    ----------------------------------------------------------------------

==============================================================================


      Code (inc. data)   RO Data    RW Data    ZI Data      Debug   

     20212       1418      20896        256       8848     714437   Grand Totals
     20212       1418      20896        256       8848     714437   ELF Image Totals
     20212       1418      20896        256          0          0   ROM Totals

==============================================================================

    Total RO  Size (Code + RO Data)                41108 (  40.14kB)
    Total RW  Size (RW Data + ZI Data)              9104 (   8.89kB)
    Total ROM Size (Code + RO Data + RW Data)      41364 (  40.39kB)

==============================================================================

