<html>
<body>
<pre>
<h1>礦ision Build Log</h1>
<h2>Tool Versions:</h2>
IDE-Version: μVision V5.26.2.0
Copyright (C) 2018 ARM Ltd and ARM Germany GmbH. All rights reserved.
License Information: chen chenche, HP Inc., LIC=LSNXV-PGHZX-BSCYX-HG0E0-RB7KB-4LEEK
 
Tool Versions:
Toolchain:       MDK-ARM Plus  Version: 5.26.2.0
Toolchain Path:  C:\Keil_v5\ARM\ARM_5.06u7\Bin
C Compiler:      Armcc.exe V5.06 update 7 (build 960)
Assembler:       Armasm.exe V5.06 update 7 (build 960)
Linker/Locator:  ArmLink.exe V5.06 update 7 (build 960)
Library Manager: ArmAr.exe V5.06 update 7 (build 960)
Hex Converter:   FromElf.exe V5.06 update 7 (build 960)
CPU DLL:         SARMCM3.DLL V5.26.2.0
Dialog DLL:      DCM.DLL V1.17.2.0
Target DLL:      STLink\ST-LINKIII-KEIL_SWO.dll V3.0.5.0
Dialog DLL:      TCM.DLL V1.36.1.0
 
<h2>Project:</h2>
C:\Users\chenchenchen\Desktop\EpaperProject\MDK-ARM\EpaperProject.uvprojx
Project File Date:  11/27/2025

<h2>Output:</h2>
*** Using Compiler 'V5.06 update 7 (build 960)', folder: 'C:\Keil_v5\ARM\ARM_5.06u7\Bin'
Build target 'EpaperProject'
compiling freertos.c...
./BSP/ds1302.h(36): warning:  #1295-D: Deprecated declaration ds1032_init - give arg types
  void ds1032_init();//ds1302初始化函数
./BSP/ds1302.h(38): warning:  #1295-D: Deprecated declaration ds1032_DATAOUT_init - give arg types
  void ds1032_DATAOUT_init();//IO端口配置为输出
./BSP/ds1302.h(39): warning:  #1295-D: Deprecated declaration ds1032_DATAINPUT_init - give arg types
  void ds1032_DATAINPUT_init();//IO端口配置为输入
./BSP/ds1302.h(40): warning:  #1295-D: Deprecated declaration ds1032_read_time - give arg types
  void ds1032_read_time();//从ds1302读取实时时间（BCD码）
./BSP/ds1302.h(41): warning:  #1295-D: Deprecated declaration ds1032_read_realTime - give arg types
  void ds1032_read_realTime();//将BCD码转化为十进制数据
./BSP/ds1302.h(51): warning:  #1295-D: Deprecated declaration update_time - give arg types
  void update_time();
./BSP/Show.h(8): warning:  #1295-D: Deprecated declaration init_show - give arg types
  void init_show();
./BSP/Show.h(9): warning:  #1295-D: Deprecated declaration update_show - give arg types
  void update_show();
../Core/Src/freertos.c: 8 warnings, 0 errors
linking...
Program Size: Code=20212 RO-data=20896 RW-data=256 ZI-data=8848  
FromELF: creating hex file...
"EpaperProject\EpaperProject.axf" - 0 Error(s), 8 Warning(s).

<h2>Software Packages used:</h2>

Package Vendor: ARM
                http://www.keil.com/pack/ARM.CMSIS.5.4.0.pack
                ARM.CMSIS.5.4.0
                CMSIS (Cortex Microcontroller Software Interface Standard)
   * Component: CORE Version: 5.1.2

Package Vendor: Keil
                https://www.keil.com/pack/Keil.STM32F1xx_DFP.2.4.1.pack
                Keil.STM32F1xx_DFP.2.4.1
                STMicroelectronics STM32F1 Series Device Support, Drivers and Examples

<h2>Collection of Component include folders:</h2>
  .\RTE\_EpaperProject
  C:\Keil_v5\ARM\PACK\ARM\CMSIS\5.4.0\CMSIS\Core\Include
  C:\Keil_v5\ARM\PACK\Keil\STM32F1xx_DFP\2.4.1\Device\Include

<h2>Collection of Component Files used:</h2>

   * Component: ARM::CMSIS:CORE:5.1.2
Build Time Elapsed:  00:00:01
</pre>
</body>
</html>
